May 17 17:32:59 BootyWarrior kernel: Linux version 7.0.7-arch1-1 (linux@archlinux) (gcc (GCC) 16.1.1 20260430, GNU ld (GNU Binutils) 2.46.0) #1 SMP PREEMPT_DYNAMIC Thu, 14 May 2026 14:26:22 +0000
May 17 17:32:59 BootyWarrior kernel: Command line: root=PARTUUID=bef6c6ae-fa82-4f43-a018-e1b77b3bc1bd zswap.enabled=0 rw rootfstype=ext4
May 17 17:32:59 BootyWarrior kernel: BIOS-provided physical RAM map:
May 17 17:32:59 BootyWarrior kernel: BIOS-e820: [mem 0x0000000000000000-0x000000000009ffff]  System RAM
May 17 17:32:59 BootyWarrior kernel: BIOS-e820: [mem 0x00000000000a0000-0x00000000000fffff]  device reserved
May 17 17:32:59 BootyWarrior kernel: BIOS-e820: [mem 0x0000000000100000-0x00000000099fefff]  System RAM
May 17 17:32:59 BootyWarrior kernel: BIOS-e820: [mem 0x00000000099ff000-0x0000000009ffffff]  device reserved
May 17 17:32:59 BootyWarrior kernel: BIOS-e820: [mem 0x000000000a000000-0x000000000a1fffff]  System RAM
May 17 17:32:59 BootyWarrior kernel: BIOS-e820: [mem 0x000000000a200000-0x000000000a20ffff]  ACPI NVS
May 17 17:32:59 BootyWarrior kernel: BIOS-e820: [mem 0x000000000a210000-0x000000000affffff]  System RAM
May 17 17:32:59 BootyWarrior kernel: BIOS-e820: [mem 0x000000000b000000-0x000000000b020fff]  device reserved
May 17 17:32:59 BootyWarrior kernel: BIOS-e820: [mem 0x000000000b021000-0x000000006af89fff]  System RAM
May 17 17:32:59 BootyWarrior kernel: BIOS-e820: [mem 0x000000006af8a000-0x0000000071738fff]  device reserved
May 17 17:32:59 BootyWarrior kernel: BIOS-e820: [mem 0x0000000071739000-0x00000000718d7fff]  ACPI data
May 17 17:32:59 BootyWarrior kernel: BIOS-e820: [mem 0x00000000718d8000-0x00000000738d7fff]  ACPI NVS
May 17 17:32:59 BootyWarrior kernel: BIOS-e820: [mem 0x00000000738d8000-0x00000000783fefff]  device reserved
May 17 17:32:59 BootyWarrior kernel: BIOS-e820: [mem 0x00000000783ff000-0x0000000079ff8fff]  System RAM
May 17 17:32:59 BootyWarrior kernel: BIOS-e820: [mem 0x0000000079ff9000-0x0000000079ffbfff]  device reserved
May 17 17:32:59 BootyWarrior kernel: BIOS-e820: [mem 0x0000000079ffc000-0x0000000079ffffff]  System RAM
May 17 17:32:59 BootyWarrior kernel: BIOS-e820: [mem 0x000000007a000000-0x000000007bffffff]  device reserved
May 17 17:32:59 BootyWarrior kernel: BIOS-e820: [gap 0x000000007c000000-0x000000007d7f2fff]
May 17 17:32:59 BootyWarrior kernel: BIOS-e820: [mem 0x000000007d7f3000-0x000000007fffffff]  device reserved
May 17 17:32:59 BootyWarrior kernel: BIOS-e820: [gap 0x0000000080000000-0x00000000dfffffff]
May 17 17:32:59 BootyWarrior kernel: BIOS-e820: [mem 0x00000000e0000000-0x00000000efffffff]  device reserved
May 17 17:32:59 BootyWarrior kernel: BIOS-e820: [gap 0x00000000f0000000-0x00000000f6ffffff]
May 17 17:32:59 BootyWarrior kernel: BIOS-e820: [mem 0x00000000f7000000-0x00000000ffffffff]  device reserved
May 17 17:32:59 BootyWarrior kernel: BIOS-e820: [mem 0x0000000100000000-0x000000085defffff]  System RAM
May 17 17:32:59 BootyWarrior kernel: BIOS-e820: [gap 0x000000085df00000-0x000000085ef3ffff]
May 17 17:32:59 BootyWarrior kernel: BIOS-e820: [mem 0x000000085ef40000-0x00000008a01fffff]  device reserved
May 17 17:32:59 BootyWarrior kernel: BIOS-e820: [gap 0x00000008a0200000-0x000000fcffffffff]
May 17 17:32:59 BootyWarrior kernel: BIOS-e820: [mem 0x000000fd00000000-0x000000ffffffffff]  device reserved
May 17 17:32:59 BootyWarrior kernel: NX (Execute Disable) protection: active
May 17 17:32:59 BootyWarrior kernel: APIC: Static calls initialized
May 17 17:32:59 BootyWarrior kernel: efi: EFI v2.9 by American Megatrends
May 17 17:32:59 BootyWarrior kernel: efi: ACPI=0x718d7000 ACPI 2.0=0x718d7014 TPMFinalLog=0x7388c000 SMBIOS=0x77865000 SMBIOS 3.0=0x77864000 MEMATTR=0x657d8018 ESRT=0x67306a98 RNG=0x7178bf18 INITRD=0x59d7dc98 TPMEventLog=0x71785018 
May 17 17:32:59 BootyWarrior kernel: random: crng init done
May 17 17:32:59 BootyWarrior kernel: efi: Remove mem59: MMIO range=[0xe0000000-0xefffffff] (256MB) from e820 map
May 17 17:32:59 BootyWarrior kernel: e820: remove [mem 0xe0000000-0xefffffff] device reserved
May 17 17:32:59 BootyWarrior kernel: efi: Remove mem60: MMIO range=[0xf7000000-0xfedfffff] (126MB) from e820 map
May 17 17:32:59 BootyWarrior kernel: e820: remove [mem 0xf7000000-0xfedfffff] device reserved
May 17 17:32:59 BootyWarrior kernel: efi: Not removing mem61: MMIO range=[0xfee00000-0xfee00fff] (4KB) from e820 map
May 17 17:32:59 BootyWarrior kernel: efi: Remove mem62: MMIO range=[0xfee01000-0xffffffff] (17MB) from e820 map
May 17 17:32:59 BootyWarrior kernel: e820: remove [mem 0xfee01000-0xffffffff] device reserved
May 17 17:32:59 BootyWarrior kernel: efi: Remove mem64: MMIO range=[0x880000000-0x8a01fffff] (514MB) from e820 map
May 17 17:32:59 BootyWarrior kernel: e820: remove [mem 0x880000000-0x8a01fffff] device reserved
May 17 17:32:59 BootyWarrior kernel: SMBIOS 3.6.0 present.
May 17 17:32:59 BootyWarrior kernel: DMI: ASUS System Product Name/PRIME A620-PLUS WIFI, BIOS 3854 04/02/2026
May 17 17:32:59 BootyWarrior kernel: DMI: Memory slots populated: 2/4
May 17 17:32:59 BootyWarrior kernel: tsc: Fast TSC calibration using PIT
May 17 17:32:59 BootyWarrior kernel: tsc: Detected 3799.790 MHz processor
May 17 17:32:59 BootyWarrior kernel: e820: update [mem 0x00000000-0x00000fff] System RAM ==> device reserved
May 17 17:32:59 BootyWarrior kernel: e820: remove [mem 0x000a0000-0x000fffff] System RAM
May 17 17:32:59 BootyWarrior kernel: last_pfn = 0x85df00 max_arch_pfn = 0x400000000
May 17 17:32:59 BootyWarrior kernel: MTRR map: 5 entries (3 fixed + 2 variable; max 20), built from 9 variable MTRRs
May 17 17:32:59 BootyWarrior kernel: x86/PAT: Configuration [0-7]: WB  WC  UC- UC  WB  WP  UC- WT  
May 17 17:32:59 BootyWarrior kernel: e820: update [mem 0x80000000-0xffffffff] System RAM ==> device reserved
May 17 17:32:59 BootyWarrior kernel: last_pfn = 0x7a000 max_arch_pfn = 0x400000000
May 17 17:32:59 BootyWarrior kernel: esrt: Reserving ESRT space from 0x0000000067306a98 to 0x0000000067306ad0.
May 17 17:32:59 BootyWarrior kernel: e820: update [mem 0x67306000-0x67306fff] System RAM ==> device reserved
May 17 17:32:59 BootyWarrior kernel: Using GB pages for direct mapping
May 17 17:32:59 BootyWarrior kernel: Secure boot enabled
May 17 17:32:59 BootyWarrior kernel: RAMDISK: [mem 0x53190000-0x55cd4fff]
May 17 17:32:59 BootyWarrior kernel: ACPI: Early table checksum verification disabled
May 17 17:32:59 BootyWarrior kernel: ACPI: RSDP 0x00000000718D7014 000024 (v02 ALASKA)
May 17 17:32:59 BootyWarrior kernel: ACPI: XSDT 0x00000000718D6728 000104 (v01 ALASKA A M I    01072009 AMI  01000013)
May 17 17:32:59 BootyWarrior kernel: ACPI: FACP 0x00000000718CB000 000114 (v06 ALASKA A M I    01072009 AMI  00010013)
May 17 17:32:59 BootyWarrior kernel: ACPI: DSDT 0x00000000718A8000 01170C (v02 ALASKA A M I    01072009 INTL 20230331)
May 17 17:32:59 BootyWarrior kernel: ACPI: FACS 0x00000000738BC000 000040
May 17 17:32:59 BootyWarrior kernel: ACPI: SSDT 0x00000000718CD000 008689 (v02 AMD    Splinter 00000002 MSFT 04000000)
May 17 17:32:59 BootyWarrior kernel: ACPI: SSDT 0x00000000718CC000 000221 (v02 ALASKA CPUSSDT  01072009 AMI  01072009)
May 17 17:32:59 BootyWarrior kernel: ACPI: FIDT 0x00000000718BF000 00009C (v01 ALASKA A M I    01072009 AMI  00010013)
May 17 17:32:59 BootyWarrior kernel: ACPI: MCFG 0x00000000718BD000 00003C (v01 ALASKA A M I    01072009 MSFT 00010013)
May 17 17:32:59 BootyWarrior kernel: ACPI: HPET 0x00000000718BC000 000038 (v01 ALASKA A M I    01072009 AMI  00000005)
May 17 17:32:59 BootyWarrior kernel: ACPI: WDRT 0x00000000718BB000 000047 (v01 ALASKA A M I    01072009 AMI  00000005)
May 17 17:32:59 BootyWarrior kernel: ACPI: FPDT 0x00000000718BA000 000044 (v01 ALASKA A M I    01072009 AMI  01000013)
May 17 17:32:59 BootyWarrior kernel: ACPI: VFCT 0x000000007188E000 0194A0 (v01 ALASKA A M I    00000001 AMD  33504F47)
May 17 17:32:59 BootyWarrior kernel: ACPI: BGRT 0x00000000718CA000 000038 (v01 ALASKA A M I    01072009 AMI  00010013)
May 17 17:32:59 BootyWarrior kernel: ACPI: WPBT 0x00000000718C8000 000040 (v01 ALASKA A M I    00000001 ASUS 00000001)
May 17 17:32:59 BootyWarrior kernel: ACPI: SSDT 0x00000000718C3000 004DEE (v02 AMD    AMD CPU  00000001 AMD  00000001)
May 17 17:32:59 BootyWarrior kernel: ACPI: SSDT 0x00000000718C2000 000041 (v02 AMD    AppCompD 00000001 INTL 20230331)
May 17 17:32:59 BootyWarrior kernel: ACPI: SSDT 0x00000000718C1000 000567 (v02 AMD    ASUSPLDR 00000001 INTL 20230331)
May 17 17:32:59 BootyWarrior kernel: ACPI: SSDT 0x00000000717A5000 0016A6 (v02 AMD    CPMDFIG2 00000001 INTL 20230331)
May 17 17:32:59 BootyWarrior kernel: ACPI: SSDT 0x00000000717A2000 002AAE (v02 AMD    CDFAAIG2 00000001 INTL 20230331)
May 17 17:32:59 BootyWarrior kernel: ACPI: SSDT 0x00000000718C0000 0008C2 (v02 AMD    CPMDFDG2 00000001 INTL 20230331)
May 17 17:32:59 BootyWarrior kernel: ACPI: SSDT 0x0000000071797000 00A724 (v02 AMD    CPMCMN   00000001 INTL 20230331)
May 17 17:32:59 BootyWarrior kernel: ACPI: SSDT 0x0000000071794000 0027E4 (v02 AMD    AOD      00000001 INTL 20230331)
May 17 17:32:59 BootyWarrior kernel: ACPI: TPM2 0x0000000071793000 00004C (v04 ALASKA A M I    00000001 AMI  00000000)
May 17 17:32:59 BootyWarrior kernel: ACPI: WSMT 0x0000000071792000 000028 (v01 ALASKA A M I    01072009 AMI  00010013)
May 17 17:32:59 BootyWarrior kernel: ACPI: APIC 0x0000000071791000 00015E (v06 ALASKA A M I    01072009 AMI  00010013)
May 17 17:32:59 BootyWarrior kernel: ACPI: IVRS 0x0000000071790000 0000C8 (v02 AMD    AmdTable 00000001 AMD  00000001)
May 17 17:32:59 BootyWarrior kernel: ACPI: SSDT 0x000000007178F000 000508 (v02 AMD    MEMTOOL0 00000002 INTL 20230331)
May 17 17:32:59 BootyWarrior kernel: ACPI: SSDT 0x000000007178E000 0009EE (v02 AMD    CPMMSOSC 00000001 INTL 20230331)
May 17 17:32:59 BootyWarrior kernel: ACPI: SSDT 0x000000007178D000 000484 (v02 AMD    AMDWOV   00000001 INTL 20230331)
May 17 17:32:59 BootyWarrior kernel: ACPI: SSDT 0x000000007178C000 00087A (v02 AMD    AmdTable 00000001 INTL 20230331)
May 17 17:32:59 BootyWarrior kernel: ACPI: MSDM 0x00000000718BE000 000055 (v01 ALASKA A M I    01072009      67A29C98)
May 17 17:32:59 BootyWarrior kernel: ACPI: Reserving FACP table memory at [mem 0x718cb000-0x718cb113]
May 17 17:32:59 BootyWarrior kernel: ACPI: Reserving DSDT table memory at [mem 0x718a8000-0x718b970b]
May 17 17:32:59 BootyWarrior kernel: ACPI: Reserving FACS table memory at [mem 0x738bc000-0x738bc03f]
May 17 17:32:59 BootyWarrior kernel: ACPI: Reserving SSDT table memory at [mem 0x718cd000-0x718d5688]
May 17 17:32:59 BootyWarrior kernel: ACPI: Reserving SSDT table memory at [mem 0x718cc000-0x718cc220]
May 17 17:32:59 BootyWarrior kernel: ACPI: Reserving FIDT table memory at [mem 0x718bf000-0x718bf09b]
May 17 17:32:59 BootyWarrior kernel: ACPI: Reserving MCFG table memory at [mem 0x718bd000-0x718bd03b]
May 17 17:32:59 BootyWarrior kernel: ACPI: Reserving HPET table memory at [mem 0x718bc000-0x718bc037]
May 17 17:32:59 BootyWarrior kernel: ACPI: Reserving WDRT table memory at [mem 0x718bb000-0x718bb046]
May 17 17:32:59 BootyWarrior kernel: ACPI: Reserving FPDT table memory at [mem 0x718ba000-0x718ba043]
May 17 17:32:59 BootyWarrior kernel: ACPI: Reserving VFCT table memory at [mem 0x7188e000-0x718a749f]
May 17 17:32:59 BootyWarrior kernel: ACPI: Reserving BGRT table memory at [mem 0x718ca000-0x718ca037]
May 17 17:32:59 BootyWarrior kernel: ACPI: Reserving WPBT table memory at [mem 0x718c8000-0x718c803f]
May 17 17:32:59 BootyWarrior kernel: ACPI: Reserving SSDT table memory at [mem 0x718c3000-0x718c7ded]
May 17 17:32:59 BootyWarrior kernel: ACPI: Reserving SSDT table memory at [mem 0x718c2000-0x718c2040]
May 17 17:32:59 BootyWarrior kernel: ACPI: Reserving SSDT table memory at [mem 0x718c1000-0x718c1566]
May 17 17:32:59 BootyWarrior kernel: ACPI: Reserving SSDT table memory at [mem 0x717a5000-0x717a66a5]
May 17 17:32:59 BootyWarrior kernel: ACPI: Reserving SSDT table memory at [mem 0x717a2000-0x717a4aad]
May 17 17:32:59 BootyWarrior kernel: ACPI: Reserving SSDT table memory at [mem 0x718c0000-0x718c08c1]
May 17 17:32:59 BootyWarrior kernel: ACPI: Reserving SSDT table memory at [mem 0x71797000-0x717a1723]
May 17 17:32:59 BootyWarrior kernel: ACPI: Reserving SSDT table memory at [mem 0x71794000-0x717967e3]
May 17 17:32:59 BootyWarrior kernel: ACPI: Reserving TPM2 table memory at [mem 0x71793000-0x7179304b]
May 17 17:32:59 BootyWarrior kernel: ACPI: Reserving WSMT table memory at [mem 0x71792000-0x71792027]
May 17 17:32:59 BootyWarrior kernel: ACPI: Reserving APIC table memory at [mem 0x71791000-0x7179115d]
May 17 17:32:59 BootyWarrior kernel: ACPI: Reserving IVRS table memory at [mem 0x71790000-0x717900c7]
May 17 17:32:59 BootyWarrior kernel: ACPI: Reserving SSDT table memory at [mem 0x7178f000-0x7178f507]
May 17 17:32:59 BootyWarrior kernel: ACPI: Reserving SSDT table memory at [mem 0x7178e000-0x7178e9ed]
May 17 17:32:59 BootyWarrior kernel: ACPI: Reserving SSDT table memory at [mem 0x7178d000-0x7178d483]
May 17 17:32:59 BootyWarrior kernel: ACPI: Reserving SSDT table memory at [mem 0x7178c000-0x7178c879]
May 17 17:32:59 BootyWarrior kernel: ACPI: Reserving MSDM table memory at [mem 0x718be000-0x718be054]
May 17 17:32:59 BootyWarrior kernel: No NUMA configuration found
May 17 17:32:59 BootyWarrior kernel: Faking a node at [mem 0x0000000000000000-0x000000085defffff]
May 17 17:32:59 BootyWarrior kernel: NODE_DATA(0) allocated [mem 0x85ded5280-0x85defffff]
May 17 17:32:59 BootyWarrior kernel: ACPI: PM-Timer IO Port: 0x808
May 17 17:32:59 BootyWarrior kernel: ACPI: LAPIC_NMI (acpi_id[0xff] high edge lint[0x1])
May 17 17:32:59 BootyWarrior kernel: IOAPIC[0]: apic_id 32, version 33, address 0xfec00000, GSI 0-23
May 17 17:32:59 BootyWarrior kernel: IOAPIC[1]: apic_id 33, version 33, address 0xfec01000, GSI 24-55
May 17 17:32:59 BootyWarrior kernel: ACPI: INT_SRC_OVR (bus 0 bus_irq 0 global_irq 2 dfl dfl)
May 17 17:32:59 BootyWarrior kernel: ACPI: INT_SRC_OVR (bus 0 bus_irq 9 global_irq 9 low level)
May 17 17:32:59 BootyWarrior kernel: ACPI: Using ACPI (MADT) for SMP configuration information
May 17 17:32:59 BootyWarrior kernel: ACPI: HPET id: 0x10228201 base: 0xfed00000
May 17 17:32:59 BootyWarrior kernel: e820: update [mem 0x64f54000-0x65047fff] System RAM ==> device reserved
May 17 17:32:59 BootyWarrior kernel: CPU topo: Max. logical packages:   1
May 17 17:32:59 BootyWarrior kernel: CPU topo: Max. logical nodes:      1
May 17 17:32:59 BootyWarrior kernel: CPU topo: Num. nodes per package:  1
May 17 17:32:59 BootyWarrior kernel: CPU topo: Max. logical dies:       1
May 17 17:32:59 BootyWarrior kernel: CPU topo: Max. dies per package:   1
May 17 17:32:59 BootyWarrior kernel: CPU topo: Max. threads per core:   2
May 17 17:32:59 BootyWarrior kernel: CPU topo: Num. cores per package:     8
May 17 17:32:59 BootyWarrior kernel: CPU topo: Num. threads per package:  16
May 17 17:32:59 BootyWarrior kernel: CPU topo: Allowing 16 present CPUs plus 0 hotplug CPUs
May 17 17:32:59 BootyWarrior kernel: PM: hibernation: Registered nosave memory: [mem 0x00000000-0x00000fff]
May 17 17:32:59 BootyWarrior kernel: PM: hibernation: Registered nosave memory: [mem 0x000a0000-0x000fffff]
May 17 17:32:59 BootyWarrior kernel: PM: hibernation: Registered nosave memory: [mem 0x099ff000-0x09ffffff]
May 17 17:32:59 BootyWarrior kernel: PM: hibernation: Registered nosave memory: [mem 0x0a200000-0x0a20ffff]
May 17 17:32:59 BootyWarrior kernel: PM: hibernation: Registered nosave memory: [mem 0x0b000000-0x0b020fff]
May 17 17:32:59 BootyWarrior kernel: PM: hibernation: Registered nosave memory: [mem 0x64f54000-0x65047fff]
May 17 17:32:59 BootyWarrior kernel: PM: hibernation: Registered nosave memory: [mem 0x67306000-0x67306fff]
May 17 17:32:59 BootyWarrior kernel: PM: hibernation: Registered nosave memory: [mem 0x6af8a000-0x783fefff]
May 17 17:32:59 BootyWarrior kernel: PM: hibernation: Registered nosave memory: [mem 0x79ff9000-0x79ffbfff]
May 17 17:32:59 BootyWarrior kernel: PM: hibernation: Registered nosave memory: [mem 0x7a000000-0xffffffff]
May 17 17:32:59 BootyWarrior kernel: [gap 0x80000000-0xfedfffff] available for PCI devices
May 17 17:32:59 BootyWarrior kernel: Booting paravirtualized kernel on bare hardware
May 17 17:32:59 BootyWarrior kernel: clocksource: refined-jiffies: mask: 0xffffffff max_cycles: 0xffffffff, max_idle_ns: 1910969940391419 ns
May 17 17:32:59 BootyWarrior kernel: Zone ranges:
May 17 17:32:59 BootyWarrior kernel:   DMA      [mem 0x0000000000001000-0x0000000000ffffff]
May 17 17:32:59 BootyWarrior kernel:   DMA32    [mem 0x0000000001000000-0x00000000ffffffff]
May 17 17:32:59 BootyWarrior kernel:   Normal   [mem 0x0000000100000000-0x000000085defffff]
May 17 17:32:59 BootyWarrior kernel:   Device   empty
May 17 17:32:59 BootyWarrior kernel: Movable zone start for each node
May 17 17:32:59 BootyWarrior kernel: Early memory node ranges
May 17 17:32:59 BootyWarrior kernel:   node   0: [mem 0x0000000000001000-0x000000000009ffff]
May 17 17:32:59 BootyWarrior kernel:   node   0: [mem 0x0000000000100000-0x00000000099fefff]
May 17 17:32:59 BootyWarrior kernel:   node   0: [mem 0x000000000a000000-0x000000000a1fffff]
May 17 17:32:59 BootyWarrior kernel:   node   0: [mem 0x000000000a210000-0x000000000affffff]
May 17 17:32:59 BootyWarrior kernel:   node   0: [mem 0x000000000b021000-0x000000006af89fff]
May 17 17:32:59 BootyWarrior kernel:   node   0: [mem 0x00000000783ff000-0x0000000079ff8fff]
May 17 17:32:59 BootyWarrior kernel:   node   0: [mem 0x0000000079ffc000-0x0000000079ffffff]
May 17 17:32:59 BootyWarrior kernel:   node   0: [mem 0x0000000100000000-0x000000085defffff]
May 17 17:32:59 BootyWarrior kernel: Initmem setup node 0 [mem 0x0000000000001000-0x000000085defffff]
May 17 17:32:59 BootyWarrior kernel: On node 0, zone DMA: 1 pages in unavailable ranges
May 17 17:32:59 BootyWarrior kernel: On node 0, zone DMA: 96 pages in unavailable ranges
May 17 17:32:59 BootyWarrior kernel: On node 0, zone DMA32: 1537 pages in unavailable ranges
May 17 17:32:59 BootyWarrior kernel: On node 0, zone DMA32: 16 pages in unavailable ranges
May 17 17:32:59 BootyWarrior kernel: On node 0, zone DMA32: 33 pages in unavailable ranges
May 17 17:32:59 BootyWarrior kernel: On node 0, zone DMA32: 21621 pages in unavailable ranges
May 17 17:32:59 BootyWarrior kernel: On node 0, zone DMA32: 3 pages in unavailable ranges
May 17 17:32:59 BootyWarrior kernel: On node 0, zone Normal: 24576 pages in unavailable ranges
May 17 17:32:59 BootyWarrior kernel: On node 0, zone Normal: 8448 pages in unavailable ranges
May 17 17:32:59 BootyWarrior kernel: setup_percpu: NR_CPUS:8192 nr_cpumask_bits:16 nr_cpu_ids:16 nr_node_ids:1
May 17 17:32:59 BootyWarrior kernel: percpu: Embedded 63 pages/cpu s221184 r8192 d28672 u262144
May 17 17:32:59 BootyWarrior kernel: pcpu-alloc: s221184 r8192 d28672 u262144 alloc=1*2097152
May 17 17:32:59 BootyWarrior kernel: pcpu-alloc: [0] 00 01 02 03 04 05 06 07 [0] 08 09 10 11 12 13 14 15 
May 17 17:32:59 BootyWarrior kernel: Kernel command line: root=PARTUUID=bef6c6ae-fa82-4f43-a018-e1b77b3bc1bd zswap.enabled=0 rw rootfstype=ext4
May 17 17:32:59 BootyWarrior kernel: printk: log buffer data + meta data: 131072 + 557056 = 688128 bytes
May 17 17:32:59 BootyWarrior kernel: Dentry cache hash table entries: 4194304 (order: 13, 33554432 bytes, linear)
May 17 17:32:59 BootyWarrior kernel: Inode-cache hash table entries: 2097152 (order: 12, 16777216 bytes, linear)
May 17 17:32:59 BootyWarrior kernel: software IO TLB: area num 16.
May 17 17:32:59 BootyWarrior kernel: Fallback order for Node 0: 0 
May 17 17:32:59 BootyWarrior kernel: Built 1 zonelists, mobility grouping on.  Total pages: 8168437
May 17 17:32:59 BootyWarrior kernel: Policy zone: Normal
May 17 17:32:59 BootyWarrior kernel: mem auto-init: stack:all(zero), heap alloc:on, heap free:off
May 17 17:32:59 BootyWarrior kernel: SLUB: HWalign=64, Order=0-3, MinObjects=0, CPUs=16, Nodes=1
May 17 17:32:59 BootyWarrior kernel: ftrace: allocating 58040 entries in 228 pages
May 17 17:32:59 BootyWarrior kernel: ftrace: allocated 228 pages with 4 groups
May 17 17:32:59 BootyWarrior kernel: Dynamic Preempt: full
May 17 17:32:59 BootyWarrior kernel: rcu: Preemptible hierarchical RCU implementation.
May 17 17:32:59 BootyWarrior kernel: rcu:         RCU restricting CPUs from NR_CPUS=8192 to nr_cpu_ids=16.
May 17 17:32:59 BootyWarrior kernel: rcu:         RCU priority boosting: priority 1 delay 500 ms.
May 17 17:32:59 BootyWarrior kernel:         Trampoline variant of Tasks RCU enabled.
May 17 17:32:59 BootyWarrior kernel:         Rude variant of Tasks RCU enabled.
May 17 17:32:59 BootyWarrior kernel:         Tracing variant of Tasks RCU enabled.
May 17 17:32:59 BootyWarrior kernel: rcu: RCU calculated value of scheduler-enlistment delay is 100 jiffies.
May 17 17:32:59 BootyWarrior kernel: rcu: Adjusting geometry for rcu_fanout_leaf=16, nr_cpu_ids=16
May 17 17:32:59 BootyWarrior kernel: RCU Tasks: Setting shift to 4 and lim to 1 rcu_task_cb_adjust=1 rcu_task_cpu_ids=16.
May 17 17:32:59 BootyWarrior kernel: RCU Tasks Rude: Setting shift to 4 and lim to 1 rcu_task_cb_adjust=1 rcu_task_cpu_ids=16.
May 17 17:32:59 BootyWarrior kernel: NR_IRQS: 524544, nr_irqs: 1096, preallocated irqs: 16
May 17 17:32:59 BootyWarrior kernel: rcu: srcu_init: Setting srcu_struct sizes based on contention.
May 17 17:32:59 BootyWarrior kernel: kfence: initialized - using 2097152 bytes for 255 objects at 0x(____ptrval____)-0x(____ptrval____)
May 17 17:32:59 BootyWarrior kernel: Console: colour dummy device 80x25
May 17 17:32:59 BootyWarrior kernel: printk: legacy console [tty0] enabled
May 17 17:32:59 BootyWarrior kernel: ACPI: Core revision 20251212
May 17 17:32:59 BootyWarrior kernel: clocksource: hpet: mask: 0xffffffff max_cycles: 0xffffffff, max_idle_ns: 133484873504 ns
May 17 17:32:59 BootyWarrior kernel: APIC: Switch to symmetric I/O mode setup
May 17 17:32:59 BootyWarrior kernel: AMD-Vi: Using global IVHD EFR:0x246577efa2254afa, EFR2:0x0
May 17 17:32:59 BootyWarrior kernel: ..TIMER: vector=0x30 apic1=0 pin1=2 apic2=-1 pin2=-1
May 17 17:32:59 BootyWarrior kernel: clocksource: tsc-early: mask: 0xffffffffffffffff max_cycles: 0x6d8b255c478, max_idle_ns: 881590808478 ns
May 17 17:32:59 BootyWarrior kernel: Calibrating delay loop (skipped), value calculated using timer frequency.. 7599.58 BogoMIPS (lpj=3799790)
May 17 17:32:59 BootyWarrior kernel: x86/cpu: User Mode Instruction Prevention (UMIP) activated
May 17 17:32:59 BootyWarrior kernel: LVT offset 1 assigned for vector 0xf9
May 17 17:32:59 BootyWarrior kernel: LVT offset 2 assigned for vector 0xf4
May 17 17:32:59 BootyWarrior kernel: Last level iTLB entries: 4KB 512, 2MB 512, 4MB 256
May 17 17:32:59 BootyWarrior kernel: Last level dTLB entries: 4KB 3072, 2MB 3072, 4MB 1536, 1GB 0
May 17 17:32:59 BootyWarrior kernel: process: using mwait in idle threads
May 17 17:32:59 BootyWarrior kernel: mitigations: Enabled attack vectors: user_kernel, user_user, guest_host, guest_guest, SMT mitigations: auto
May 17 17:32:59 BootyWarrior kernel: Speculative Store Bypass: Mitigation: Speculative Store Bypass disabled via prctl
May 17 17:32:59 BootyWarrior kernel: Transient Scheduler Attacks: Mitigation: Clear CPU buffers
May 17 17:32:59 BootyWarrior kernel: Spectre V2 : Mitigation: Enhanced / Automatic IBRS
May 17 17:32:59 BootyWarrior kernel: Spectre V2 : User space: Mitigation: STIBP always-on protection
May 17 17:32:59 BootyWarrior kernel: Speculative Return Stack Overflow: Mitigation: Safe RET
May 17 17:32:59 BootyWarrior kernel: VMSCAPE: Mitigation: IBPB before exit to userspace
May 17 17:32:59 BootyWarrior kernel: Spectre V1 : Mitigation: usercopy/swapgs barriers and __user pointer sanitization
May 17 17:32:59 BootyWarrior kernel: Spectre V2 : mitigation: Enabling conditional Indirect Branch Prediction Barrier
May 17 17:32:59 BootyWarrior kernel: active return thunk: srso_alias_return_thunk
May 17 17:32:59 BootyWarrior kernel: x86/fpu: Supporting XSAVE feature 0x001: 'x87 floating point registers'
May 17 17:32:59 BootyWarrior kernel: x86/fpu: Supporting XSAVE feature 0x002: 'SSE registers'
May 17 17:32:59 BootyWarrior kernel: x86/fpu: Supporting XSAVE feature 0x004: 'AVX registers'
May 17 17:32:59 BootyWarrior kernel: x86/fpu: Supporting XSAVE feature 0x020: 'AVX-512 opmask'
May 17 17:32:59 BootyWarrior kernel: x86/fpu: Supporting XSAVE feature 0x040: 'AVX-512 Hi256'
May 17 17:32:59 BootyWarrior kernel: x86/fpu: Supporting XSAVE feature 0x080: 'AVX-512 ZMM_Hi256'
May 17 17:32:59 BootyWarrior kernel: x86/fpu: Supporting XSAVE feature 0x200: 'Protection Keys User registers'
May 17 17:32:59 BootyWarrior kernel: x86/fpu: Supporting XSAVE feature 0x800: 'Control-flow User registers'
May 17 17:32:59 BootyWarrior kernel: x86/fpu: Supporting XSAVE feature 0x1000: 'Control-flow Kernel registers (KVM only)'
May 17 17:32:59 BootyWarrior kernel: x86/fpu: xstate_offset[2]:  576, xstate_sizes[2]:  256
May 17 17:32:59 BootyWarrior kernel: x86/fpu: xstate_offset[5]:  832, xstate_sizes[5]:   64
May 17 17:32:59 BootyWarrior kernel: x86/fpu: xstate_offset[6]:  896, xstate_sizes[6]:  512
May 17 17:32:59 BootyWarrior kernel: x86/fpu: xstate_offset[7]: 1408, xstate_sizes[7]: 1024
May 17 17:32:59 BootyWarrior kernel: x86/fpu: xstate_offset[9]: 2432, xstate_sizes[9]:    8
May 17 17:32:59 BootyWarrior kernel: x86/fpu: xstate_offset[11]: 2440, xstate_sizes[11]:   16
May 17 17:32:59 BootyWarrior kernel: x86/fpu: xstate_offset[12]: 2456, xstate_sizes[12]:   24
May 17 17:32:59 BootyWarrior kernel: x86/fpu: Enabled xstate features 0x1ae7, context size is 2480 bytes, using 'compacted' format.
May 17 17:32:59 BootyWarrior kernel: Freeing SMP alternatives memory: 56K
May 17 17:32:59 BootyWarrior kernel: pid_max: default: 32768 minimum: 301
May 17 17:32:59 BootyWarrior kernel: landlock: Up and running.
May 17 17:32:59 BootyWarrior kernel: Yama: becoming mindful.
May 17 17:32:59 BootyWarrior kernel: LSM support for eBPF active
May 17 17:32:59 BootyWarrior kernel: Mount-cache hash table entries: 65536 (order: 7, 524288 bytes, linear)
May 17 17:32:59 BootyWarrior kernel: Mountpoint-cache hash table entries: 65536 (order: 7, 524288 bytes, linear)
May 17 17:32:59 BootyWarrior kernel: VFS: Finished mounting rootfs on nullfs
May 17 17:32:59 BootyWarrior kernel: smpboot: CPU0: AMD Ryzen 7 7700 8-Core Processor (family: 0x19, model: 0x61, stepping: 0x2)
May 17 17:32:59 BootyWarrior kernel: Performance Events: Fam17h+ 16-deep LBR, core perfctr, AMD PMU driver.
May 17 17:32:59 BootyWarrior kernel: ... version:                   2
May 17 17:32:59 BootyWarrior kernel: ... bit width:                 48
May 17 17:32:59 BootyWarrior kernel: ... generic counters:          6
May 17 17:32:59 BootyWarrior kernel: ... generic bitmap:            000000000000003f
May 17 17:32:59 BootyWarrior kernel: ... fixed-purpose counters:    0
May 17 17:32:59 BootyWarrior kernel: ... fixed-purpose bitmap:      0000000000000000
May 17 17:32:59 BootyWarrior kernel: ... value mask:                0000ffffffffffff
May 17 17:32:59 BootyWarrior kernel: ... max period:                00007fffffffffff
May 17 17:32:59 BootyWarrior kernel: ... global_ctrl mask:          000000000000003f
May 17 17:32:59 BootyWarrior kernel: signal: max sigframe size: 3376
May 17 17:32:59 BootyWarrior kernel: rcu: Hierarchical SRCU implementation.
May 17 17:32:59 BootyWarrior kernel: rcu:         Max phase no-delay instances is 400.
May 17 17:32:59 BootyWarrior kernel: Timer migration: 2 hierarchy levels; 8 children per group; 2 crossnode level
May 17 17:32:59 BootyWarrior kernel: MCE: In-kernel MCE decoding enabled.
May 17 17:32:59 BootyWarrior kernel: NMI watchdog: Enabled. Permanently consumes one hw-PMU counter.
May 17 17:32:59 BootyWarrior kernel: smp: Bringing up secondary CPUs ...
May 17 17:32:59 BootyWarrior kernel: smpboot: x86: Booting SMP configuration:
May 17 17:32:59 BootyWarrior kernel: .... node  #0, CPUs:        #1  #2  #3  #4  #5  #6  #7  #8  #9 #10 #11 #12 #13 #14 #15
May 17 17:32:59 BootyWarrior kernel: Spectre V2 : Update user space SMT mitigation: STIBP always-on
May 17 17:32:59 BootyWarrior kernel: smp: Brought up 1 node, 16 CPUs
May 17 17:32:59 BootyWarrior kernel: smpboot: Total of 16 processors activated (121593.28 BogoMIPS)
May 17 17:32:59 BootyWarrior kernel: Memory: 31762856K/32673748K available (21853K kernel code, 3061K rwdata, 16836K rodata, 4812K init, 5252K bss, 887324K reserved, 0K cma-reserved)
May 17 17:32:59 BootyWarrior kernel: devtmpfs: initialized
May 17 17:32:59 BootyWarrior kernel: x86/mm: Memory block size: 128MB
May 17 17:32:59 BootyWarrior kernel: ACPI: PM: Registering ACPI NVS region [mem 0x0a200000-0x0a20ffff] (65536 bytes)
May 17 17:32:59 BootyWarrior kernel: ACPI: PM: Registering ACPI NVS region [mem 0x718d8000-0x738d7fff] (33554432 bytes)
May 17 17:32:59 BootyWarrior kernel: clocksource: jiffies: mask: 0xffffffff max_cycles: 0xffffffff, max_idle_ns: 1911260446275000 ns
May 17 17:32:59 BootyWarrior kernel: posixtimers hash table entries: 8192 (order: 5, 131072 bytes, linear)
May 17 17:32:59 BootyWarrior kernel: futex hash table entries: 4096 (262144 bytes on 1 NUMA nodes, total 256 KiB, linear).
May 17 17:32:59 BootyWarrior kernel: PM: RTC time: 21:32:54, date: 2026-05-17
May 17 17:32:59 BootyWarrior kernel: NET: Registered PF_NETLINK/PF_ROUTE protocol family
May 17 17:32:59 BootyWarrior kernel: DMA: preallocated 4096 KiB GFP_KERNEL pool for atomic allocations
May 17 17:32:59 BootyWarrior kernel: DMA: preallocated 4096 KiB GFP_KERNEL|GFP_DMA pool for atomic allocations
May 17 17:32:59 BootyWarrior kernel: DMA: preallocated 4096 KiB GFP_KERNEL|GFP_DMA32 pool for atomic allocations
May 17 17:32:59 BootyWarrior kernel: audit: initializing netlink subsys (disabled)
May 17 17:32:59 BootyWarrior kernel: audit: type=2000 audit(1779053574.000:1): state=initialized audit_enabled=0 res=1
May 17 17:32:59 BootyWarrior kernel: thermal_sys: Registered thermal governor 'fair_share'
May 17 17:32:59 BootyWarrior kernel: thermal_sys: Registered thermal governor 'bang_bang'
May 17 17:32:59 BootyWarrior kernel: thermal_sys: Registered thermal governor 'step_wise'
May 17 17:32:59 BootyWarrior kernel: thermal_sys: Registered thermal governor 'user_space'
May 17 17:32:59 BootyWarrior kernel: thermal_sys: Registered thermal governor 'power_allocator'
May 17 17:32:59 BootyWarrior kernel: cpuidle: using governor ladder
May 17 17:32:59 BootyWarrior kernel: cpuidle: using governor menu
May 17 17:32:59 BootyWarrior kernel: efi: Freeing EFI boot services memory: 145520K
May 17 17:32:59 BootyWarrior kernel: acpiphp: ACPI Hot Plug PCI Controller Driver version: 0.5
May 17 17:32:59 BootyWarrior kernel: PCI: ECAM [mem 0xe0000000-0xefffffff] (base 0xe0000000) for domain 0000 [bus 00-ff]
May 17 17:32:59 BootyWarrior kernel: PCI: Using configuration type 1 for base access
May 17 17:32:59 BootyWarrior kernel: kprobes: kprobe jump-optimization is enabled. All kprobes are optimized if possible.
May 17 17:32:59 BootyWarrior kernel: HugeTLB: registered 1.00 GiB page size, pre-allocated 0 pages
May 17 17:32:59 BootyWarrior kernel: HugeTLB: 16380 KiB vmemmap can be freed for a 1.00 GiB page
May 17 17:32:59 BootyWarrior kernel: HugeTLB: registered 2.00 MiB page size, pre-allocated 0 pages
May 17 17:32:59 BootyWarrior kernel: HugeTLB: 28 KiB vmemmap can be freed for a 2.00 MiB page
May 17 17:32:59 BootyWarrior kernel: raid6: skipped pq benchmark and selected avx512x4
May 17 17:32:59 BootyWarrior kernel: raid6: using avx512x2 recovery algorithm
May 17 17:32:59 BootyWarrior kernel: ACPI: Added _OSI(Module Device)
May 17 17:32:59 BootyWarrior kernel: ACPI: Added _OSI(Processor Device)
May 17 17:32:59 BootyWarrior kernel: ACPI: Added _OSI(Processor Aggregator Device)
May 17 17:32:59 BootyWarrior kernel: ACPI: 15 ACPI AML tables successfully acquired and loaded
May 17 17:32:59 BootyWarrior kernel: ACPI: \_SB_: platform _OSC: OS support mask [006e7eff]
May 17 17:32:59 BootyWarrior kernel: ACPI: \_SB_: platform _OSC: OS control mask [006a7eff]
May 17 17:32:59 BootyWarrior kernel: ACPI: Interpreter enabled
May 17 17:32:59 BootyWarrior kernel: ACPI: PM: (supports S0 S3 S4 S5)
May 17 17:32:59 BootyWarrior kernel: ACPI: Using IOAPIC for interrupt routing
May 17 17:32:59 BootyWarrior kernel: PCI: Using host bridge windows from ACPI; if necessary, use "pci=nocrs" and report a bug
May 17 17:32:59 BootyWarrior kernel: PCI: Ignoring E820 reservations for host bridge windows
May 17 17:32:59 BootyWarrior kernel: ACPI: Enabled 6 GPEs in block 00 to 1F
May 17 17:32:59 BootyWarrior kernel: ACPI: \_SB_.PCI0.GPP0.M237: New power resource
May 17 17:32:59 BootyWarrior kernel: ACPI: \_SB_.PCI0.GPP0.SWUS.M237: New power resource
May 17 17:32:59 BootyWarrior kernel: ACPI: \_SB_.PCI0.GPP0.SWUS.SWDS.M237: New power resource
May 17 17:32:59 BootyWarrior kernel: ACPI: \_SB_.PRWB: New power resource
May 17 17:32:59 BootyWarrior kernel: ACPI: PCI Root Bridge [PCI0] (domain 0000 [bus 00-ff])
May 17 17:32:59 BootyWarrior kernel: acpi PNP0A08:00: _OSC: OS supports [ExtendedConfig ASPM ClockPM Segments MSI EDR HPX-Type3]
May 17 17:32:59 BootyWarrior kernel: acpi PNP0A08:00: _OSC: OS now controls [PCIeHotplug SHPCHotplug PME AER PCIeCapability LTR DPC]
May 17 17:32:59 BootyWarrior kernel: PCI host bridge to bus 0000:00
May 17 17:32:59 BootyWarrior kernel: pci_bus 0000:00: root bus resource [io  0x0000-0x03af window]
May 17 17:32:59 BootyWarrior kernel: pci_bus 0000:00: root bus resource [io  0x03e0-0x0cf7 window]
May 17 17:32:59 BootyWarrior kernel: pci_bus 0000:00: root bus resource [io  0x03b0-0x03df window]
May 17 17:32:59 BootyWarrior kernel: pci_bus 0000:00: root bus resource [io  0x0d00-0xffff window]
May 17 17:32:59 BootyWarrior kernel: pci_bus 0000:00: root bus resource [mem 0x000a0000-0x000dffff window]
May 17 17:32:59 BootyWarrior kernel: pci_bus 0000:00: root bus resource [mem 0xf2000000-0xf6ffffff window]
May 17 17:32:59 BootyWarrior kernel: pci_bus 0000:00: root bus resource [mem 0xf0000000-0xf1ffffff window]
May 17 17:32:59 BootyWarrior kernel: pci_bus 0000:00: root bus resource [mem 0x80000000-0xdfffffff window]
May 17 17:32:59 BootyWarrior kernel: pci_bus 0000:00: root bus resource [mem 0x880000000-0xfcffffffff window]
May 17 17:32:59 BootyWarrior kernel: pci_bus 0000:00: root bus resource [bus 00-ff]
May 17 17:32:59 BootyWarrior kernel: pci 0000:00:00.0: [1022:14d8] type 00 class 0x060000 conventional PCI endpoint
May 17 17:32:59 BootyWarrior kernel: pci 0000:00:00.2: [1022:14d9] type 00 class 0x080600 conventional PCI endpoint
May 17 17:32:59 BootyWarrior kernel: pci 0000:00:01.0: [1022:14da] type 00 class 0x060000 conventional PCI endpoint
May 17 17:32:59 BootyWarrior kernel: pci 0000:00:01.1: [1022:14db] type 01 class 0x060400 PCIe Root Port
May 17 17:32:59 BootyWarrior kernel: pci 0000:00:01.1: PCI bridge to [bus 01-03]
May 17 17:32:59 BootyWarrior kernel: pci 0000:00:01.1:   bridge window [io  0xf000-0xffff]
May 17 17:32:59 BootyWarrior kernel: pci 0000:00:01.1:   bridge window [mem 0xdfb00000-0xdfcfffff]
May 17 17:32:59 BootyWarrior kernel: pci 0000:00:01.1:   bridge window [mem 0xf800000000-0xfc0fffffff 64bit pref]
May 17 17:32:59 BootyWarrior kernel: pci 0000:00:01.1: PME# supported from D0 D3hot D3cold
May 17 17:32:59 BootyWarrior kernel: pci 0000:00:01.2: [1022:14db] type 01 class 0x060400 PCIe Root Port
May 17 17:32:59 BootyWarrior kernel: pci 0000:00:01.2: PCI bridge to [bus 04]
May 17 17:32:59 BootyWarrior kernel: pci 0000:00:01.2:   bridge window [mem 0xdff00000-0xdfffffff]
May 17 17:32:59 BootyWarrior kernel: pci 0000:00:01.2: PME# supported from D0 D3hot D3cold
May 17 17:32:59 BootyWarrior kernel: pci 0000:00:02.0: [1022:14da] type 00 class 0x060000 conventional PCI endpoint
May 17 17:32:59 BootyWarrior kernel: pci 0000:00:02.1: [1022:14db] type 01 class 0x060400 PCIe Root Port
May 17 17:32:59 BootyWarrior kernel: pci 0000:00:02.1: PCI bridge to [bus 05-0c]
May 17 17:32:59 BootyWarrior kernel: pci 0000:00:02.1:   bridge window [io  0xc000-0xdfff]
May 17 17:32:59 BootyWarrior kernel: pci 0000:00:02.1:   bridge window [mem 0xdf200000-0xdf6fffff]
May 17 17:32:59 BootyWarrior kernel: pci 0000:00:02.1: PME# supported from D0 D3hot D3cold
May 17 17:32:59 BootyWarrior kernel: pci 0000:00:03.0: [1022:14da] type 00 class 0x060000 conventional PCI endpoint
May 17 17:32:59 BootyWarrior kernel: pci 0000:00:03.1: [1022:14db] type 01 class 0x060400 PCIe Root Port
May 17 17:32:59 BootyWarrior kernel: pci 0000:00:03.1: PCI bridge to [bus 0d]
May 17 17:32:59 BootyWarrior kernel: pci 0000:00:03.1:   bridge window [mem 0xdfe00000-0xdfefffff]
May 17 17:32:59 BootyWarrior kernel: pci 0000:00:03.1: PME# supported from D0 D3hot D3cold
May 17 17:32:59 BootyWarrior kernel: pci 0000:00:04.0: [1022:14da] type 00 class 0x060000 conventional PCI endpoint
May 17 17:32:59 BootyWarrior kernel: pci 0000:00:08.0: [1022:14da] type 00 class 0x060000 conventional PCI endpoint
May 17 17:32:59 BootyWarrior kernel: pci 0000:00:08.1: [1022:14dd] type 01 class 0x060400 PCIe Root Port
May 17 17:32:59 BootyWarrior kernel: pci 0000:00:08.1: PCI bridge to [bus 0e]
May 17 17:32:59 BootyWarrior kernel: pci 0000:00:08.1:   bridge window [io  0xe000-0xefff]
May 17 17:32:59 BootyWarrior kernel: pci 0000:00:08.1:   bridge window [mem 0xdf700000-0xdfafffff]
May 17 17:32:59 BootyWarrior kernel: pci 0000:00:08.1:   bridge window [mem 0xfc20000000-0xfc301fffff 64bit pref]
May 17 17:32:59 BootyWarrior kernel: pci 0000:00:08.1: enabling Extended Tags
May 17 17:32:59 BootyWarrior kernel: pci 0000:00:08.1: PME# supported from D0 D3hot D3cold
May 17 17:32:59 BootyWarrior kernel: pci 0000:00:08.3: [1022:14dd] type 01 class 0x060400 PCIe Root Port
May 17 17:32:59 BootyWarrior kernel: pci 0000:00:08.3: PCI bridge to [bus 0f]
May 17 17:32:59 BootyWarrior kernel: pci 0000:00:08.3:   bridge window [mem 0xdfd00000-0xdfdfffff]
May 17 17:32:59 BootyWarrior kernel: pci 0000:00:08.3: enabling Extended Tags
May 17 17:32:59 BootyWarrior kernel: pci 0000:00:08.3: PME# supported from D0 D3hot D3cold
May 17 17:32:59 BootyWarrior kernel: pci 0000:00:14.0: [1022:790b] type 00 class 0x0c0500 conventional PCI endpoint
May 17 17:32:59 BootyWarrior kernel: pci 0000:00:14.3: [1022:790e] type 00 class 0x060100 conventional PCI endpoint
May 17 17:32:59 BootyWarrior kernel: pci 0000:00:18.0: [1022:14e0] type 00 class 0x060000 conventional PCI endpoint
May 17 17:32:59 BootyWarrior kernel: pci 0000:00:18.1: [1022:14e1] type 00 class 0x060000 conventional PCI endpoint
May 17 17:32:59 BootyWarrior kernel: pci 0000:00:18.2: [1022:14e2] type 00 class 0x060000 conventional PCI endpoint
May 17 17:32:59 BootyWarrior kernel: pci 0000:00:18.3: [1022:14e3] type 00 class 0x060000 conventional PCI endpoint
May 17 17:32:59 BootyWarrior kernel: pci 0000:00:18.4: [1022:14e4] type 00 class 0x060000 conventional PCI endpoint
May 17 17:32:59 BootyWarrior kernel: pci 0000:00:18.5: [1022:14e5] type 00 class 0x060000 conventional PCI endpoint
May 17 17:32:59 BootyWarrior kernel: pci 0000:00:18.6: [1022:14e6] type 00 class 0x060000 conventional PCI endpoint
May 17 17:32:59 BootyWarrior kernel: pci 0000:00:18.7: [1022:14e7] type 00 class 0x060000 conventional PCI endpoint
May 17 17:32:59 BootyWarrior kernel: pci 0000:01:00.0: [1002:1478] type 01 class 0x060400 PCIe Switch Upstream Port
May 17 17:32:59 BootyWarrior kernel: pci 0000:01:00.0: BAR 0 [mem 0xdfc00000-0xdfc03fff]
May 17 17:32:59 BootyWarrior kernel: pci 0000:01:00.0: PCI bridge to [bus 02-03]
May 17 17:32:59 BootyWarrior kernel: pci 0000:01:00.0:   bridge window [io  0xf000-0xffff]
May 17 17:32:59 BootyWarrior kernel: pci 0000:01:00.0:   bridge window [mem 0xdfb00000-0xdfbfffff]
May 17 17:32:59 BootyWarrior kernel: pci 0000:01:00.0:   bridge window [mem 0xf800000000-0xfc0fffffff 64bit pref]
May 17 17:32:59 BootyWarrior kernel: pci 0000:01:00.0: PME# supported from D0 D3hot D3cold
May 17 17:32:59 BootyWarrior kernel: pci 0000:01:00.0: 252.048 Gb/s available PCIe bandwidth, limited by 16.0 GT/s PCIe x16 link at 0000:00:01.1 (capable of 504.112 Gb/s with 32.0 GT/s PCIe x16 link)
May 17 17:32:59 BootyWarrior kernel: pci 0000:00:01.1: PCI bridge to [bus 01-03]
May 17 17:32:59 BootyWarrior kernel: pci 0000:02:00.0: [1002:1479] type 01 class 0x060400 PCIe Switch Downstream Port
May 17 17:32:59 BootyWarrior kernel: pci 0000:02:00.0: PCI bridge to [bus 03]
May 17 17:32:59 BootyWarrior kernel: pci 0000:02:00.0:   bridge window [io  0xf000-0xffff]
May 17 17:32:59 BootyWarrior kernel: pci 0000:02:00.0:   bridge window [mem 0xdfb00000-0xdfbfffff]
May 17 17:32:59 BootyWarrior kernel: pci 0000:02:00.0:   bridge window [mem 0xf800000000-0xfc0fffffff 64bit pref]
May 17 17:32:59 BootyWarrior kernel: pci 0000:02:00.0: PME# supported from D0 D3hot D3cold
May 17 17:32:59 BootyWarrior kernel: pci 0000:01:00.0: PCI bridge to [bus 02-03]
May 17 17:32:59 BootyWarrior kernel: pci 0000:03:00.0: [1002:7590] type 00 class 0x030000 PCIe Legacy Endpoint
May 17 17:32:59 BootyWarrior kernel: pci 0000:03:00.0: BAR 0 [mem 0xf800000000-0xfbffffffff 64bit pref]
May 17 17:32:59 BootyWarrior kernel: pci 0000:03:00.0: BAR 2 [mem 0xfc00000000-0xfc0fffffff 64bit pref]
May 17 17:32:59 BootyWarrior kernel: pci 0000:03:00.0: BAR 4 [io  0xf000-0xf0ff]
May 17 17:32:59 BootyWarrior kernel: pci 0000:03:00.0: BAR 5 [mem 0xdfb00000-0xdfb7ffff]
May 17 17:32:59 BootyWarrior kernel: pci 0000:03:00.0: ROM [mem 0xdfb80000-0xdfb9ffff pref]
May 17 17:32:59 BootyWarrior kernel: pci 0000:03:00.0: PME# supported from D1 D2 D3hot D3cold
May 17 17:32:59 BootyWarrior kernel: pci 0000:03:00.0: 252.048 Gb/s available PCIe bandwidth, limited by 16.0 GT/s PCIe x16 link at 0000:00:01.1 (capable of 504.112 Gb/s with 32.0 GT/s PCIe x16 link)
May 17 17:32:59 BootyWarrior kernel: pci 0000:03:00.1: [1002:ab40] type 00 class 0x040300 PCIe Legacy Endpoint
May 17 17:32:59 BootyWarrior kernel: pci 0000:03:00.1: BAR 0 [mem 0xdfba0000-0xdfba3fff]
May 17 17:32:59 BootyWarrior kernel: pci 0000:03:00.1: PME# supported from D1 D2 D3hot D3cold
May 17 17:32:59 BootyWarrior kernel: pci 0000:02:00.0: PCI bridge to [bus 03]
May 17 17:32:59 BootyWarrior kernel: pci 0000:04:00.0: [1344:5416] type 00 class 0x010802 PCIe Endpoint
May 17 17:32:59 BootyWarrior kernel: pci 0000:04:00.0: BAR 0 [mem 0xdff00000-0xdff03fff 64bit]
May 17 17:32:59 BootyWarrior kernel: pci 0000:00:01.2: PCI bridge to [bus 04]
May 17 17:32:59 BootyWarrior kernel: pci 0000:05:00.0: [1022:43f4] type 01 class 0x060400 PCIe Switch Upstream Port
May 17 17:32:59 BootyWarrior kernel: pci 0000:05:00.0: PCI bridge to [bus 06-0c]
May 17 17:32:59 BootyWarrior kernel: pci 0000:05:00.0:   bridge window [io  0xc000-0xdfff]
May 17 17:32:59 BootyWarrior kernel: pci 0000:05:00.0:   bridge window [mem 0xdf200000-0xdf6fffff]
May 17 17:32:59 BootyWarrior kernel: pci 0000:05:00.0: enabling Extended Tags
May 17 17:32:59 BootyWarrior kernel: pci 0000:05:00.0: PME# supported from D0 D3hot D3cold
May 17 17:32:59 BootyWarrior kernel: pci 0000:00:02.1: PCI bridge to [bus 05-0c]
May 17 17:32:59 BootyWarrior kernel: pci 0000:06:00.0: [1022:43f5] type 01 class 0x060400 PCIe Switch Downstream Port
May 17 17:32:59 BootyWarrior kernel: pci 0000:06:00.0: PCI bridge to [bus 07]
May 17 17:32:59 BootyWarrior kernel: pci 0000:06:00.0:   bridge window [mem 0xdf600000-0xdf6fffff]
May 17 17:32:59 BootyWarrior kernel: pci 0000:06:00.0: enabling Extended Tags
May 17 17:32:59 BootyWarrior kernel: pci 0000:06:00.0: PME# supported from D0 D3hot D3cold
May 17 17:32:59 BootyWarrior kernel: pci 0000:06:01.0: [1022:43f5] type 01 class 0x060400 PCIe Switch Downstream Port
May 17 17:32:59 BootyWarrior kernel: pci 0000:06:01.0: PCI bridge to [bus 08]
May 17 17:32:59 BootyWarrior kernel: pci 0000:06:01.0: enabling Extended Tags
May 17 17:32:59 BootyWarrior kernel: pci 0000:06:01.0: PME# supported from D0 D3hot D3cold
May 17 17:32:59 BootyWarrior kernel: pci 0000:06:02.0: [1022:43f5] type 01 class 0x060400 PCIe Switch Downstream Port
May 17 17:32:59 BootyWarrior kernel: pci 0000:06:02.0: PCI bridge to [bus 09]
May 17 17:32:59 BootyWarrior kernel: pci 0000:06:02.0:   bridge window [io  0xd000-0xdfff]
May 17 17:32:59 BootyWarrior kernel: pci 0000:06:02.0:   bridge window [mem 0xdf500000-0xdf5fffff]
May 17 17:32:59 BootyWarrior kernel: pci 0000:06:02.0: enabling Extended Tags
May 17 17:32:59 BootyWarrior kernel: pci 0000:06:02.0: PME# supported from D0 D3hot D3cold
May 17 17:32:59 BootyWarrior kernel: pci 0000:06:03.0: [1022:43f5] type 01 class 0x060400 PCIe Switch Downstream Port
May 17 17:32:59 BootyWarrior kernel: pci 0000:06:03.0: PCI bridge to [bus 0a]
May 17 17:32:59 BootyWarrior kernel: pci 0000:06:03.0:   bridge window [io  0xc000-0xcfff]
May 17 17:32:59 BootyWarrior kernel: pci 0000:06:03.0:   bridge window [mem 0xdf400000-0xdf4fffff]
May 17 17:32:59 BootyWarrior kernel: pci 0000:06:03.0: enabling Extended Tags
May 17 17:32:59 BootyWarrior kernel: pci 0000:06:03.0: PME# supported from D0 D3hot D3cold
May 17 17:32:59 BootyWarrior kernel: pci 0000:06:0c.0: [1022:43f5] type 01 class 0x060400 PCIe Switch Downstream Port
May 17 17:32:59 BootyWarrior kernel: pci 0000:06:0c.0: PCI bridge to [bus 0b]
May 17 17:32:59 BootyWarrior kernel: pci 0000:06:0c.0:   bridge window [mem 0xdf300000-0xdf3fffff]
May 17 17:32:59 BootyWarrior kernel: pci 0000:06:0c.0: enabling Extended Tags
May 17 17:32:59 BootyWarrior kernel: pci 0000:06:0c.0: PME# supported from D0 D3hot D3cold
May 17 17:32:59 BootyWarrior kernel: pci 0000:06:0d.0: [1022:43f5] type 01 class 0x060400 PCIe Switch Downstream Port
May 17 17:32:59 BootyWarrior kernel: pci 0000:06:0d.0: PCI bridge to [bus 0c]
May 17 17:32:59 BootyWarrior kernel: pci 0000:06:0d.0:   bridge window [mem 0xdf200000-0xdf2fffff]
May 17 17:32:59 BootyWarrior kernel: pci 0000:06:0d.0: enabling Extended Tags
May 17 17:32:59 BootyWarrior kernel: pci 0000:06:0d.0: PME# supported from D0 D3hot D3cold
May 17 17:32:59 BootyWarrior kernel: pci 0000:05:00.0: PCI bridge to [bus 06-0c]
May 17 17:32:59 BootyWarrior kernel: pci 0000:07:00.0: [1106:3483] type 00 class 0x0c0330 PCIe Endpoint
May 17 17:32:59 BootyWarrior kernel: pci 0000:07:00.0: BAR 0 [mem 0xdf600000-0xdf600fff 64bit]
May 17 17:32:59 BootyWarrior kernel: pci 0000:07:00.0: PME# supported from D0 D1 D2 D3hot D3cold
May 17 17:32:59 BootyWarrior kernel: pci 0000:06:00.0: PCI bridge to [bus 07]
May 17 17:32:59 BootyWarrior kernel: pci 0000:06:01.0: PCI bridge to [bus 08]
May 17 17:32:59 BootyWarrior kernel: pci 0000:09:00.0: [10ec:8168] type 00 class 0x020000 PCIe Endpoint
May 17 17:32:59 BootyWarrior kernel: pci 0000:09:00.0: BAR 0 [io  0xd000-0xd0ff]
May 17 17:32:59 BootyWarrior kernel: pci 0000:09:00.0: BAR 2 [mem 0xdf504000-0xdf504fff 64bit]
May 17 17:32:59 BootyWarrior kernel: pci 0000:09:00.0: BAR 4 [mem 0xdf500000-0xdf503fff 64bit]
May 17 17:32:59 BootyWarrior kernel: pci 0000:09:00.0: supports D1 D2
May 17 17:32:59 BootyWarrior kernel: pci 0000:09:00.0: PME# supported from D0 D1 D2 D3hot D3cold
May 17 17:32:59 BootyWarrior kernel: pci 0000:06:02.0: PCI bridge to [bus 09]
May 17 17:32:59 BootyWarrior kernel: pci 0000:0a:00.0: [10ec:c822] type 00 class 0x028000 PCIe Endpoint
May 17 17:32:59 BootyWarrior kernel: pci 0000:0a:00.0: BAR 0 [io  0xc000-0xc0ff]
May 17 17:32:59 BootyWarrior kernel: pci 0000:0a:00.0: BAR 2 [mem 0xdf400000-0xdf40ffff 64bit]
May 17 17:32:59 BootyWarrior kernel: pci 0000:0a:00.0: supports D1 D2
May 17 17:32:59 BootyWarrior kernel: pci 0000:0a:00.0: PME# supported from D0 D1 D2 D3hot D3cold
May 17 17:32:59 BootyWarrior kernel: pci 0000:06:03.0: PCI bridge to [bus 0a]
May 17 17:32:59 BootyWarrior kernel: pci 0000:0b:00.0: [1022:43fa] type 00 class 0x0c0330 PCIe Legacy Endpoint
May 17 17:32:59 BootyWarrior kernel: pci 0000:0b:00.0: BAR 0 [mem 0xdf300000-0xdf307fff 64bit]
May 17 17:32:59 BootyWarrior kernel: pci 0000:0b:00.0: enabling Extended Tags
May 17 17:32:59 BootyWarrior kernel: pci 0000:0b:00.0: PME# supported from D0 D3hot D3cold
May 17 17:32:59 BootyWarrior kernel: pci 0000:06:0c.0: PCI bridge to [bus 0b]
May 17 17:32:59 BootyWarrior kernel: pci 0000:0c:00.0: [1022:43f6] type 00 class 0x010601 PCIe Legacy Endpoint
May 17 17:32:59 BootyWarrior kernel: pci 0000:0c:00.0: BAR 5 [mem 0xdf280000-0xdf2803ff]
May 17 17:32:59 BootyWarrior kernel: pci 0000:0c:00.0: ROM [mem 0xdf200000-0xdf27ffff pref]
May 17 17:32:59 BootyWarrior kernel: pci 0000:0c:00.0: enabling Extended Tags
May 17 17:32:59 BootyWarrior kernel: pci 0000:0c:00.0: PME# supported from D0 D3hot D3cold
May 17 17:32:59 BootyWarrior kernel: pci 0000:06:0d.0: PCI bridge to [bus 0c]
May 17 17:32:59 BootyWarrior kernel: pci 0000:0d:00.0: [1c5c:1639] type 00 class 0x010802 PCIe Endpoint
May 17 17:32:59 BootyWarrior kernel: pci 0000:0d:00.0: BAR 0 [mem 0xdfe00000-0xdfe03fff 64bit]
May 17 17:32:59 BootyWarrior kernel: pci 0000:0d:00.0: BAR 2 [mem 0xdfe05000-0xdfe05fff]
May 17 17:32:59 BootyWarrior kernel: pci 0000:0d:00.0: BAR 3 [mem 0xdfe04000-0xdfe04fff]
May 17 17:32:59 BootyWarrior kernel: pci 0000:00:03.1: PCI bridge to [bus 0d]
May 17 17:32:59 BootyWarrior kernel: pci 0000:0e:00.0: [1002:164e] type 00 class 0x030000 PCIe Legacy Endpoint
May 17 17:32:59 BootyWarrior kernel: pci 0000:0e:00.0: BAR 0 [mem 0xfc20000000-0xfc2fffffff 64bit pref]
May 17 17:32:59 BootyWarrior kernel: pci 0000:0e:00.0: BAR 2 [mem 0xfc30000000-0xfc301fffff 64bit pref]
May 17 17:32:59 BootyWarrior kernel: pci 0000:0e:00.0: BAR 4 [io  0xe000-0xe0ff]
May 17 17:32:59 BootyWarrior kernel: pci 0000:0e:00.0: BAR 5 [mem 0xdfa00000-0xdfa7ffff]
May 17 17:32:59 BootyWarrior kernel: pci 0000:0e:00.0: enabling Extended Tags
May 17 17:32:59 BootyWarrior kernel: pci 0000:0e:00.0: PME# supported from D1 D2 D3hot D3cold
May 17 17:32:59 BootyWarrior kernel: pci 0000:0e:00.1: [1002:1640] type 00 class 0x040300 PCIe Legacy Endpoint
May 17 17:32:59 BootyWarrior kernel: pci 0000:0e:00.1: BAR 0 [mem 0xdfa88000-0xdfa8bfff]
May 17 17:32:59 BootyWarrior kernel: pci 0000:0e:00.1: enabling Extended Tags
May 17 17:32:59 BootyWarrior kernel: pci 0000:0e:00.1: PME# supported from D1 D2 D3hot D3cold
May 17 17:32:59 BootyWarrior kernel: pci 0000:0e:00.2: [1022:1649] type 00 class 0x108000 PCIe Endpoint
May 17 17:32:59 BootyWarrior kernel: pci 0000:0e:00.2: BAR 2 [mem 0xdf900000-0xdf9fffff]
May 17 17:32:59 BootyWarrior kernel: pci 0000:0e:00.2: BAR 5 [mem 0xdfa8c000-0xdfa8dfff]
May 17 17:32:59 BootyWarrior kernel: pci 0000:0e:00.2: enabling Extended Tags
May 17 17:32:59 BootyWarrior kernel: pci 0000:0e:00.3: [1022:15b6] type 00 class 0x0c0330 PCIe Endpoint
May 17 17:32:59 BootyWarrior kernel: pci 0000:0e:00.3: BAR 0 [mem 0xdf800000-0xdf8fffff 64bit]
May 17 17:32:59 BootyWarrior kernel: pci 0000:0e:00.3: enabling Extended Tags
May 17 17:32:59 BootyWarrior kernel: pci 0000:0e:00.3: PME# supported from D0 D3hot D3cold
May 17 17:32:59 BootyWarrior kernel: pci 0000:0e:00.4: [1022:15b7] type 00 class 0x0c0330 PCIe Endpoint
May 17 17:32:59 BootyWarrior kernel: pci 0000:0e:00.4: BAR 0 [mem 0xdf700000-0xdf7fffff 64bit]
May 17 17:32:59 BootyWarrior kernel: pci 0000:0e:00.4: enabling Extended Tags
May 17 17:32:59 BootyWarrior kernel: pci 0000:0e:00.4: PME# supported from D0 D3hot D3cold
May 17 17:32:59 BootyWarrior kernel: pci 0000:0e:00.6: [1022:15e3] type 00 class 0x040300 PCIe Endpoint
May 17 17:32:59 BootyWarrior kernel: pci 0000:0e:00.6: BAR 0 [mem 0xdfa80000-0xdfa87fff]
May 17 17:32:59 BootyWarrior kernel: pci 0000:0e:00.6: enabling Extended Tags
May 17 17:32:59 BootyWarrior kernel: pci 0000:0e:00.6: PME# supported from D0 D3hot D3cold
May 17 17:32:59 BootyWarrior kernel: pci 0000:00:08.1: PCI bridge to [bus 0e]
May 17 17:32:59 BootyWarrior kernel: pci 0000:0f:00.0: [1022:15b8] type 00 class 0x0c0330 PCIe Endpoint
May 17 17:32:59 BootyWarrior kernel: pci 0000:0f:00.0: BAR 0 [mem 0xdfd00000-0xdfdfffff 64bit]
May 17 17:32:59 BootyWarrior kernel: pci 0000:0f:00.0: enabling Extended Tags
May 17 17:32:59 BootyWarrior kernel: pci 0000:0f:00.0: PME# supported from D0 D3hot D3cold
May 17 17:32:59 BootyWarrior kernel: pci 0000:00:08.3: PCI bridge to [bus 0f]
May 17 17:32:59 BootyWarrior kernel: ACPI: PCI: Interrupt link LNKA configured for IRQ 0
May 17 17:32:59 BootyWarrior kernel: ACPI: PCI: Interrupt link LNKB configured for IRQ 0
May 17 17:32:59 BootyWarrior kernel: ACPI: PCI: Interrupt link LNKC configured for IRQ 0
May 17 17:32:59 BootyWarrior kernel: ACPI: PCI: Interrupt link LNKD configured for IRQ 0
May 17 17:32:59 BootyWarrior kernel: ACPI: PCI: Interrupt link LNKE configured for IRQ 0
May 17 17:32:59 BootyWarrior kernel: ACPI: PCI: Interrupt link LNKF configured for IRQ 0
May 17 17:32:59 BootyWarrior kernel: ACPI: PCI: Interrupt link LNKG configured for IRQ 0
May 17 17:32:59 BootyWarrior kernel: ACPI: PCI: Interrupt link LNKH configured for IRQ 0
May 17 17:32:59 BootyWarrior kernel: iommu: Default domain type: Translated
May 17 17:32:59 BootyWarrior kernel: iommu: DMA domain TLB invalidation policy: lazy mode
May 17 17:32:59 BootyWarrior kernel: SCSI subsystem initialized
May 17 17:32:59 BootyWarrior kernel: libata version 3.00 loaded.
May 17 17:32:59 BootyWarrior kernel: ACPI: bus type USB registered
May 17 17:32:59 BootyWarrior kernel: usbcore: registered new interface driver usbfs
May 17 17:32:59 BootyWarrior kernel: usbcore: registered new interface driver hub
May 17 17:32:59 BootyWarrior kernel: usbcore: registered new device driver usb
May 17 17:32:59 BootyWarrior kernel: EDAC MC: Ver: 3.0.0
May 17 17:32:59 BootyWarrior kernel: efivars: Registered efivars operations
May 17 17:32:59 BootyWarrior kernel: NetLabel: Initializing
May 17 17:32:59 BootyWarrior kernel: NetLabel:  domain hash size = 128
May 17 17:32:59 BootyWarrior kernel: NetLabel:  protocols = UNLABELED CIPSOv4 CALIPSO
May 17 17:32:59 BootyWarrior kernel: NetLabel:  unlabeled traffic allowed by default
May 17 17:32:59 BootyWarrior kernel: mctp: management component transport protocol core
May 17 17:32:59 BootyWarrior kernel: NET: Registered PF_MCTP protocol family
May 17 17:32:59 BootyWarrior kernel: PCI: Using ACPI for IRQ routing
May 17 17:32:59 BootyWarrior kernel: PCI: pci_cache_line_size set to 64 bytes
May 17 17:32:59 BootyWarrior kernel: e820: register RAM buffer resource [mem 0x099ff000-0x0bffffff]
May 17 17:32:59 BootyWarrior kernel: e820: register RAM buffer resource [mem 0x0a200000-0x0bffffff]
May 17 17:32:59 BootyWarrior kernel: e820: register RAM buffer resource [mem 0x0b000000-0x0bffffff]
May 17 17:32:59 BootyWarrior kernel: e820: register RAM buffer resource [mem 0x64f54000-0x67ffffff]
May 17 17:32:59 BootyWarrior kernel: e820: register RAM buffer resource [mem 0x67306000-0x67ffffff]
May 17 17:32:59 BootyWarrior kernel: e820: register RAM buffer resource [mem 0x6af8a000-0x6bffffff]
May 17 17:32:59 BootyWarrior kernel: e820: register RAM buffer resource [mem 0x79ff9000-0x7bffffff]
May 17 17:32:59 BootyWarrior kernel: e820: register RAM buffer resource [mem 0x7a000000-0x7bffffff]
May 17 17:32:59 BootyWarrior kernel: e820: register RAM buffer resource [mem 0x85df00000-0x85fffffff]
May 17 17:32:59 BootyWarrior kernel: pci 0000:03:00.0: vgaarb: setting as boot VGA device
May 17 17:32:59 BootyWarrior kernel: pci 0000:03:00.0: vgaarb: bridge control possible
May 17 17:32:59 BootyWarrior kernel: pci 0000:03:00.0: vgaarb: VGA device added: decodes=io+mem,owns=none,locks=none
May 17 17:32:59 BootyWarrior kernel: pci 0000:0e:00.0: vgaarb: bridge control possible
May 17 17:32:59 BootyWarrior kernel: pci 0000:0e:00.0: vgaarb: VGA device added: decodes=io+mem,owns=none,locks=none
May 17 17:32:59 BootyWarrior kernel: vgaarb: loaded
May 17 17:32:59 BootyWarrior kernel: hpet0: at MMIO 0xfed00000, IRQs 2, 8, 0
May 17 17:32:59 BootyWarrior kernel: hpet0: 3 comparators, 32-bit 14.318180 MHz counter
May 17 17:32:59 BootyWarrior kernel: clocksource: Switched to clocksource tsc-early
May 17 17:32:59 BootyWarrior kernel: VFS: Disk quotas dquot_6.6.0
May 17 17:32:59 BootyWarrior kernel: VFS: Dquot-cache hash table entries: 512 (order 0, 4096 bytes)
May 17 17:32:59 BootyWarrior kernel: acpi PNP0C01:00: Reserved [mem 0xe0000000-0xefffffff]
May 17 17:32:59 BootyWarrior kernel: acpi PNP0C02:00: Could not reserve [mem 0xf7600000-0xf767ffff]
May 17 17:32:59 BootyWarrior kernel: acpi PNP0C02:01: Reserved [mem 0x860000000-0x87fffffff]
May 17 17:32:59 BootyWarrior kernel: acpi PNP0C02:02: Reserved [mem 0xf7200000-0xf72fffff]
May 17 17:32:59 BootyWarrior kernel: acpi PNP0C02:03: Reserved [io  0x0290-0x029f]
May 17 17:32:59 BootyWarrior kernel: acpi PNP0C02:03: Reserved [io  0x0200-0x023f]
May 17 17:32:59 BootyWarrior kernel: acpi PNP0C02:04: Skipped [io  0x0010-0x001f]
May 17 17:32:59 BootyWarrior kernel: acpi PNP0C02:04: Skipped [io  0x0022-0x003f]
May 17 17:32:59 BootyWarrior kernel: acpi PNP0C02:04: Skipped [io  0x0063]
May 17 17:32:59 BootyWarrior kernel: acpi PNP0C02:04: Skipped [io  0x0065]
May 17 17:32:59 BootyWarrior kernel: acpi PNP0C02:04: Skipped [io  0x0067-0x006f]
May 17 17:32:59 BootyWarrior kernel: acpi PNP0C02:04: Skipped [io  0x0072-0x007f]
May 17 17:32:59 BootyWarrior kernel: acpi PNP0C02:04: Skipped [io  0x0080]
May 17 17:32:59 BootyWarrior kernel: acpi PNP0C02:04: Skipped [io  0x0084-0x0086]
May 17 17:32:59 BootyWarrior kernel: acpi PNP0C02:04: Skipped [io  0x0088]
May 17 17:32:59 BootyWarrior kernel: acpi PNP0C02:04: Skipped [io  0x008c-0x008e]
May 17 17:32:59 BootyWarrior kernel: acpi PNP0C02:04: Skipped [io  0x0090-0x009f]
May 17 17:32:59 BootyWarrior kernel: acpi PNP0C02:04: Skipped [io  0x00a2-0x00bf]
May 17 17:32:59 BootyWarrior kernel: acpi PNP0C02:04: Skipped [io  0x00b1]
May 17 17:32:59 BootyWarrior kernel: acpi PNP0C02:04: Skipped [io  0x00e0-0x00ef]
May 17 17:32:59 BootyWarrior kernel: acpi PNP0C02:04: Reserved [io  0x04d0-0x04d1]
May 17 17:32:59 BootyWarrior kernel: acpi PNP0C02:04: Reserved [io  0x040b]
May 17 17:32:59 BootyWarrior kernel: acpi PNP0C02:04: Reserved [io  0x04d6]
May 17 17:32:59 BootyWarrior kernel: acpi PNP0C02:04: Reserved [io  0x0c00-0x0c01]
May 17 17:32:59 BootyWarrior kernel: acpi PNP0C02:04: Reserved [io  0x0c14]
May 17 17:32:59 BootyWarrior kernel: acpi PNP0C02:04: Reserved [io  0x0c50-0x0c51]
May 17 17:32:59 BootyWarrior kernel: acpi PNP0C02:04: Reserved [io  0x0c52]
May 17 17:32:59 BootyWarrior kernel: acpi PNP0C02:04: Reserved [io  0x0c6c]
May 17 17:32:59 BootyWarrior kernel: acpi PNP0C02:04: Reserved [io  0x0c6f]
May 17 17:32:59 BootyWarrior kernel: acpi PNP0C02:04: Reserved [io  0x0cd8-0x0cdf]
May 17 17:32:59 BootyWarrior kernel: acpi PNP0C02:04: Reserved [io  0x0800-0x089f]
May 17 17:32:59 BootyWarrior kernel: acpi PNP0C02:04: Reserved [io  0x0b00-0x0b0f]
May 17 17:32:59 BootyWarrior kernel: acpi PNP0C02:04: Reserved [io  0x0b20-0x0b3f]
May 17 17:32:59 BootyWarrior kernel: acpi PNP0C02:04: Reserved [io  0x0900-0x090f]
May 17 17:32:59 BootyWarrior kernel: acpi PNP0C02:04: Reserved [io  0x0910-0x091f]
May 17 17:32:59 BootyWarrior kernel: acpi PNP0C02:04: Reserved [mem 0xfedc0000-0xfedc0fff]
May 17 17:32:59 BootyWarrior kernel: acpi PNP0C02:04: Reserved [mem 0xfee00000-0xfee00fff]
May 17 17:32:59 BootyWarrior kernel: acpi PNP0C02:04: Reserved [mem 0xfec10000-0xfec10fff]
May 17 17:32:59 BootyWarrior kernel: acpi PNP0C02:04: Reserved [mem 0xfeb00000-0xfeb00fff]
May 17 17:32:59 BootyWarrior kernel: acpi PNP0C02:04: Reserved [mem 0xff000000-0xffffffff]
May 17 17:32:59 BootyWarrior kernel: pnp: PnP ACPI init
May 17 17:32:59 BootyWarrior kernel: pnp 00:01: [dma 0 disabled]
May 17 17:32:59 BootyWarrior kernel: pnp: PnP ACPI: found 2 devices
May 17 17:32:59 BootyWarrior kernel: clocksource: acpi_pm: mask: 0xffffff max_cycles: 0xffffff, max_idle_ns: 2085701024 ns
May 17 17:32:59 BootyWarrior kernel: NET: Registered PF_INET protocol family
May 17 17:32:59 BootyWarrior kernel: IP idents hash table entries: 262144 (order: 9, 2097152 bytes, linear)
May 17 17:32:59 BootyWarrior kernel: tcp_listen_portaddr_hash hash table entries: 16384 (order: 6, 262144 bytes, linear)
May 17 17:32:59 BootyWarrior kernel: Table-perturb hash table entries: 65536 (order: 6, 262144 bytes, linear)
May 17 17:32:59 BootyWarrior kernel: TCP established hash table entries: 262144 (order: 9, 2097152 bytes, linear)
May 17 17:32:59 BootyWarrior kernel: TCP bind hash table entries: 65536 (order: 9, 2097152 bytes, linear)
May 17 17:32:59 BootyWarrior kernel: TCP: Hash tables configured (established 262144 bind 65536)
May 17 17:32:59 BootyWarrior kernel: MPTCP token hash table entries: 32768 (order: 8, 786432 bytes, linear)
May 17 17:32:59 BootyWarrior kernel: UDP hash table entries: 16384 (order: 8, 1048576 bytes, linear)
May 17 17:32:59 BootyWarrior kernel: UDP-Lite hash table entries: 16384 (order: 8, 1048576 bytes, linear)
May 17 17:32:59 BootyWarrior kernel: NET: Registered PF_UNIX/PF_LOCAL protocol family
May 17 17:32:59 BootyWarrior kernel: NET: Registered PF_XDP protocol family
May 17 17:32:59 BootyWarrior kernel: pci 0000:02:00.0: PCI bridge to [bus 03]
May 17 17:32:59 BootyWarrior kernel: pci 0000:02:00.0:   bridge window [io  0xf000-0xffff]
May 17 17:32:59 BootyWarrior kernel: pci 0000:02:00.0:   bridge window [mem 0xdfb00000-0xdfbfffff]
May 17 17:32:59 BootyWarrior kernel: pci 0000:02:00.0:   bridge window [mem 0xf800000000-0xfc0fffffff 64bit pref]
May 17 17:32:59 BootyWarrior kernel: pci 0000:01:00.0: PCI bridge to [bus 02-03]
May 17 17:32:59 BootyWarrior kernel: pci 0000:01:00.0:   bridge window [io  0xf000-0xffff]
May 17 17:32:59 BootyWarrior kernel: pci 0000:01:00.0:   bridge window [mem 0xdfb00000-0xdfbfffff]
May 17 17:32:59 BootyWarrior kernel: pci 0000:01:00.0:   bridge window [mem 0xf800000000-0xfc0fffffff 64bit pref]
May 17 17:32:59 BootyWarrior kernel: pci 0000:00:01.1: PCI bridge to [bus 01-03]
May 17 17:32:59 BootyWarrior kernel: pci 0000:00:01.1:   bridge window [io  0xf000-0xffff]
May 17 17:32:59 BootyWarrior kernel: pci 0000:00:01.1:   bridge window [mem 0xdfb00000-0xdfcfffff]
May 17 17:32:59 BootyWarrior kernel: pci 0000:00:01.1:   bridge window [mem 0xf800000000-0xfc0fffffff 64bit pref]
May 17 17:32:59 BootyWarrior kernel: pci 0000:00:01.2: PCI bridge to [bus 04]
May 17 17:32:59 BootyWarrior kernel: pci 0000:00:01.2:   bridge window [mem 0xdff00000-0xdfffffff]
May 17 17:32:59 BootyWarrior kernel: pci 0000:06:00.0: PCI bridge to [bus 07]
May 17 17:32:59 BootyWarrior kernel: pci 0000:06:00.0:   bridge window [mem 0xdf600000-0xdf6fffff]
May 17 17:32:59 BootyWarrior kernel: pci 0000:06:01.0: PCI bridge to [bus 08]
May 17 17:32:59 BootyWarrior kernel: pci 0000:06:02.0: PCI bridge to [bus 09]
May 17 17:32:59 BootyWarrior kernel: pci 0000:06:02.0:   bridge window [io  0xd000-0xdfff]
May 17 17:32:59 BootyWarrior kernel: pci 0000:06:02.0:   bridge window [mem 0xdf500000-0xdf5fffff]
May 17 17:32:59 BootyWarrior kernel: pci 0000:06:03.0: PCI bridge to [bus 0a]
May 17 17:32:59 BootyWarrior kernel: pci 0000:06:03.0:   bridge window [io  0xc000-0xcfff]
May 17 17:32:59 BootyWarrior kernel: pci 0000:06:03.0:   bridge window [mem 0xdf400000-0xdf4fffff]
May 17 17:32:59 BootyWarrior kernel: pci 0000:06:0c.0: PCI bridge to [bus 0b]
May 17 17:32:59 BootyWarrior kernel: pci 0000:06:0c.0:   bridge window [mem 0xdf300000-0xdf3fffff]
May 17 17:32:59 BootyWarrior kernel: pci 0000:06:0d.0: PCI bridge to [bus 0c]
May 17 17:32:59 BootyWarrior kernel: pci 0000:06:0d.0:   bridge window [mem 0xdf200000-0xdf2fffff]
May 17 17:32:59 BootyWarrior kernel: pci 0000:05:00.0: PCI bridge to [bus 06-0c]
May 17 17:32:59 BootyWarrior kernel: pci 0000:05:00.0:   bridge window [io  0xc000-0xdfff]
May 17 17:32:59 BootyWarrior kernel: pci 0000:05:00.0:   bridge window [mem 0xdf200000-0xdf6fffff]
May 17 17:32:59 BootyWarrior kernel: pci 0000:00:02.1: PCI bridge to [bus 05-0c]
May 17 17:32:59 BootyWarrior kernel: pci 0000:00:02.1:   bridge window [io  0xc000-0xdfff]
May 17 17:32:59 BootyWarrior kernel: pci 0000:00:02.1:   bridge window [mem 0xdf200000-0xdf6fffff]
May 17 17:32:59 BootyWarrior kernel: pci 0000:00:03.1: PCI bridge to [bus 0d]
May 17 17:32:59 BootyWarrior kernel: pci 0000:00:03.1:   bridge window [mem 0xdfe00000-0xdfefffff]
May 17 17:32:59 BootyWarrior kernel: pci 0000:00:08.1: PCI bridge to [bus 0e]
May 17 17:32:59 BootyWarrior kernel: pci 0000:00:08.1:   bridge window [io  0xe000-0xefff]
May 17 17:32:59 BootyWarrior kernel: pci 0000:00:08.1:   bridge window [mem 0xdf700000-0xdfafffff]
May 17 17:32:59 BootyWarrior kernel: pci 0000:00:08.1:   bridge window [mem 0xfc20000000-0xfc301fffff 64bit pref]
May 17 17:32:59 BootyWarrior kernel: pci 0000:00:08.3: PCI bridge to [bus 0f]
May 17 17:32:59 BootyWarrior kernel: pci 0000:00:08.3:   bridge window [mem 0xdfd00000-0xdfdfffff]
May 17 17:32:59 BootyWarrior kernel: pci_bus 0000:00: resource 4 [io  0x0000-0x03af window]
May 17 17:32:59 BootyWarrior kernel: pci_bus 0000:00: resource 5 [io  0x03e0-0x0cf7 window]
May 17 17:32:59 BootyWarrior kernel: pci_bus 0000:00: resource 6 [io  0x03b0-0x03df window]
May 17 17:32:59 BootyWarrior kernel: pci_bus 0000:00: resource 7 [io  0x0d00-0xffff window]
May 17 17:32:59 BootyWarrior kernel: pci_bus 0000:00: resource 8 [mem 0x000a0000-0x000dffff window]
May 17 17:32:59 BootyWarrior kernel: pci_bus 0000:00: resource 9 [mem 0xf2000000-0xf6ffffff window]
May 17 17:32:59 BootyWarrior kernel: pci_bus 0000:00: resource 10 [mem 0xf0000000-0xf1ffffff window]
May 17 17:32:59 BootyWarrior kernel: pci_bus 0000:00: resource 11 [mem 0x80000000-0xdfffffff window]
May 17 17:32:59 BootyWarrior kernel: pci_bus 0000:00: resource 12 [mem 0x880000000-0xfcffffffff window]
May 17 17:32:59 BootyWarrior kernel: pci_bus 0000:01: resource 0 [io  0xf000-0xffff]
May 17 17:32:59 BootyWarrior kernel: pci_bus 0000:01: resource 1 [mem 0xdfb00000-0xdfcfffff]
May 17 17:32:59 BootyWarrior kernel: pci_bus 0000:01: resource 2 [mem 0xf800000000-0xfc0fffffff 64bit pref]
May 17 17:32:59 BootyWarrior kernel: pci_bus 0000:02: resource 0 [io  0xf000-0xffff]
May 17 17:32:59 BootyWarrior kernel: pci_bus 0000:02: resource 1 [mem 0xdfb00000-0xdfbfffff]
May 17 17:32:59 BootyWarrior kernel: pci_bus 0000:02: resource 2 [mem 0xf800000000-0xfc0fffffff 64bit pref]
May 17 17:32:59 BootyWarrior kernel: pci_bus 0000:03: resource 0 [io  0xf000-0xffff]
May 17 17:32:59 BootyWarrior kernel: pci_bus 0000:03: resource 1 [mem 0xdfb00000-0xdfbfffff]
May 17 17:32:59 BootyWarrior kernel: pci_bus 0000:03: resource 2 [mem 0xf800000000-0xfc0fffffff 64bit pref]
May 17 17:32:59 BootyWarrior kernel: pci_bus 0000:04: resource 1 [mem 0xdff00000-0xdfffffff]
May 17 17:32:59 BootyWarrior kernel: pci_bus 0000:05: resource 0 [io  0xc000-0xdfff]
May 17 17:32:59 BootyWarrior kernel: pci_bus 0000:05: resource 1 [mem 0xdf200000-0xdf6fffff]
May 17 17:32:59 BootyWarrior kernel: pci_bus 0000:06: resource 0 [io  0xc000-0xdfff]
May 17 17:32:59 BootyWarrior kernel: pci_bus 0000:06: resource 1 [mem 0xdf200000-0xdf6fffff]
May 17 17:32:59 BootyWarrior kernel: pci_bus 0000:07: resource 1 [mem 0xdf600000-0xdf6fffff]
May 17 17:32:59 BootyWarrior kernel: pci_bus 0000:09: resource 0 [io  0xd000-0xdfff]
May 17 17:32:59 BootyWarrior kernel: pci_bus 0000:09: resource 1 [mem 0xdf500000-0xdf5fffff]
May 17 17:32:59 BootyWarrior kernel: pci_bus 0000:0a: resource 0 [io  0xc000-0xcfff]
May 17 17:32:59 BootyWarrior kernel: pci_bus 0000:0a: resource 1 [mem 0xdf400000-0xdf4fffff]
May 17 17:32:59 BootyWarrior kernel: pci_bus 0000:0b: resource 1 [mem 0xdf300000-0xdf3fffff]
May 17 17:32:59 BootyWarrior kernel: pci_bus 0000:0c: resource 1 [mem 0xdf200000-0xdf2fffff]
May 17 17:32:59 BootyWarrior kernel: pci_bus 0000:0d: resource 1 [mem 0xdfe00000-0xdfefffff]
May 17 17:32:59 BootyWarrior kernel: pci_bus 0000:0e: resource 0 [io  0xe000-0xefff]
May 17 17:32:59 BootyWarrior kernel: pci_bus 0000:0e: resource 1 [mem 0xdf700000-0xdfafffff]
May 17 17:32:59 BootyWarrior kernel: pci_bus 0000:0e: resource 2 [mem 0xfc20000000-0xfc301fffff 64bit pref]
May 17 17:32:59 BootyWarrior kernel: pci_bus 0000:0f: resource 1 [mem 0xdfd00000-0xdfdfffff]
May 17 17:32:59 BootyWarrior kernel: pci 0000:03:00.1: D0 power state depends on 0000:03:00.0
May 17 17:32:59 BootyWarrior kernel: pci 0000:0e:00.1: D0 power state depends on 0000:0e:00.0
May 17 17:32:59 BootyWarrior kernel: PCI: CLS 64 bytes, default 64
May 17 17:32:59 BootyWarrior kernel: pci 0000:00:00.2: AMD-Vi: IOMMU performance counters supported
May 17 17:32:59 BootyWarrior kernel: Trying to unpack rootfs image as initramfs...
May 17 17:32:59 BootyWarrior kernel: pci 0000:00:01.0: Adding to iommu group 0
May 17 17:32:59 BootyWarrior kernel: pci 0000:00:01.1: Adding to iommu group 1
May 17 17:32:59 BootyWarrior kernel: pci 0000:00:01.2: Adding to iommu group 2
May 17 17:32:59 BootyWarrior kernel: pci 0000:00:02.0: Adding to iommu group 3
May 17 17:32:59 BootyWarrior kernel: pci 0000:00:02.1: Adding to iommu group 4
May 17 17:32:59 BootyWarrior kernel: pci 0000:00:03.0: Adding to iommu group 5
May 17 17:32:59 BootyWarrior kernel: pci 0000:00:03.1: Adding to iommu group 6
May 17 17:32:59 BootyWarrior kernel: pci 0000:00:04.0: Adding to iommu group 7
May 17 17:32:59 BootyWarrior kernel: pci 0000:00:08.0: Adding to iommu group 8
May 17 17:32:59 BootyWarrior kernel: pci 0000:00:08.1: Adding to iommu group 9
May 17 17:32:59 BootyWarrior kernel: pci 0000:00:08.3: Adding to iommu group 10
May 17 17:32:59 BootyWarrior kernel: pci 0000:00:14.0: Adding to iommu group 11
May 17 17:32:59 BootyWarrior kernel: pci 0000:00:14.3: Adding to iommu group 11
May 17 17:32:59 BootyWarrior kernel: pci 0000:00:18.0: Adding to iommu group 12
May 17 17:32:59 BootyWarrior kernel: pci 0000:00:18.1: Adding to iommu group 12
May 17 17:32:59 BootyWarrior kernel: pci 0000:00:18.2: Adding to iommu group 12
May 17 17:32:59 BootyWarrior kernel: pci 0000:00:18.3: Adding to iommu group 12
May 17 17:32:59 BootyWarrior kernel: pci 0000:00:18.4: Adding to iommu group 12
May 17 17:32:59 BootyWarrior kernel: pci 0000:00:18.5: Adding to iommu group 12
May 17 17:32:59 BootyWarrior kernel: pci 0000:00:18.6: Adding to iommu group 12
May 17 17:32:59 BootyWarrior kernel: pci 0000:00:18.7: Adding to iommu group 12
May 17 17:32:59 BootyWarrior kernel: pci 0000:01:00.0: Adding to iommu group 13
May 17 17:32:59 BootyWarrior kernel: pci 0000:02:00.0: Adding to iommu group 14
May 17 17:32:59 BootyWarrior kernel: pci 0000:03:00.0: Adding to iommu group 15
May 17 17:32:59 BootyWarrior kernel: pci 0000:03:00.1: Adding to iommu group 16
May 17 17:32:59 BootyWarrior kernel: pci 0000:04:00.0: Adding to iommu group 17
May 17 17:32:59 BootyWarrior kernel: pci 0000:05:00.0: Adding to iommu group 18
May 17 17:32:59 BootyWarrior kernel: pci 0000:06:00.0: Adding to iommu group 19
May 17 17:32:59 BootyWarrior kernel: pci 0000:06:01.0: Adding to iommu group 20
May 17 17:32:59 BootyWarrior kernel: pci 0000:06:02.0: Adding to iommu group 21
May 17 17:32:59 BootyWarrior kernel: pci 0000:06:03.0: Adding to iommu group 22
May 17 17:32:59 BootyWarrior kernel: pci 0000:06:0c.0: Adding to iommu group 23
May 17 17:32:59 BootyWarrior kernel: pci 0000:06:0d.0: Adding to iommu group 24
May 17 17:32:59 BootyWarrior kernel: pci 0000:07:00.0: Adding to iommu group 19
May 17 17:32:59 BootyWarrior kernel: pci 0000:09:00.0: Adding to iommu group 21
May 17 17:32:59 BootyWarrior kernel: pci 0000:0a:00.0: Adding to iommu group 22
May 17 17:32:59 BootyWarrior kernel: pci 0000:0b:00.0: Adding to iommu group 23
May 17 17:32:59 BootyWarrior kernel: pci 0000:0c:00.0: Adding to iommu group 24
May 17 17:32:59 BootyWarrior kernel: pci 0000:0d:00.0: Adding to iommu group 25
May 17 17:32:59 BootyWarrior kernel: pci 0000:0e:00.0: Adding to iommu group 26
May 17 17:32:59 BootyWarrior kernel: pci 0000:0e:00.1: Adding to iommu group 27
May 17 17:32:59 BootyWarrior kernel: pci 0000:0e:00.2: Adding to iommu group 28
May 17 17:32:59 BootyWarrior kernel: pci 0000:0e:00.3: Adding to iommu group 29
May 17 17:32:59 BootyWarrior kernel: pci 0000:0e:00.4: Adding to iommu group 30
May 17 17:32:59 BootyWarrior kernel: pci 0000:0e:00.6: Adding to iommu group 31
May 17 17:32:59 BootyWarrior kernel: pci 0000:0f:00.0: Adding to iommu group 32
May 17 17:32:59 BootyWarrior kernel: AMD-Vi: Extended features (0x246577efa2254afa, 0x0): PPR NX GT [5] IA GA PC GA_vAPIC
May 17 17:32:59 BootyWarrior kernel: AMD-Vi: Interrupt remapping enabled
May 17 17:32:59 BootyWarrior kernel: Freeing initrd memory: 44308K
May 17 17:32:59 BootyWarrior kernel: AMD-Vi: Virtual APIC enabled
May 17 17:32:59 BootyWarrior kernel: PCI-DMA: Using software bounce buffering for IO (SWIOTLB)
May 17 17:32:59 BootyWarrior kernel: software IO TLB: mapped [mem 0x000000005c8ed000-0x00000000608ed000] (64MB)
May 17 17:32:59 BootyWarrior kernel: LVT offset 0 assigned for vector 0x400
May 17 17:32:59 BootyWarrior kernel: perf: AMD IBS detected (0x00000bff)
May 17 17:32:59 BootyWarrior kernel: perf/amd_iommu: Detected AMD IOMMU #0 (2 banks, 4 counters/bank).
May 17 17:32:59 BootyWarrior kernel: Initialise system trusted keyrings
May 17 17:32:59 BootyWarrior kernel: Key type blacklist registered
May 17 17:32:59 BootyWarrior kernel: workingset: timestamp_bits=36 max_order=23 bucket_order=0
May 17 17:32:59 BootyWarrior kernel: fuse: init (API version 7.45)
May 17 17:32:59 BootyWarrior kernel: integrity: Platform Keyring initialized
May 17 17:32:59 BootyWarrior kernel: integrity: Machine keyring initialized
May 17 17:32:59 BootyWarrior kernel: xor: automatically using best checksumming function   avx       
May 17 17:32:59 BootyWarrior kernel: Key type asymmetric registered
May 17 17:32:59 BootyWarrior kernel: Asymmetric key parser 'x509' registered
May 17 17:32:59 BootyWarrior kernel: Block layer SCSI generic (bsg) driver version 0.4 loaded (major 245)
May 17 17:32:59 BootyWarrior kernel: io scheduler mq-deadline registered
May 17 17:32:59 BootyWarrior kernel: io scheduler kyber registered
May 17 17:32:59 BootyWarrior kernel: io scheduler bfq registered
May 17 17:32:59 BootyWarrior kernel: ledtrig-cpu: registered to indicate activity on CPUs
May 17 17:32:59 BootyWarrior kernel: pcieport 0000:00:01.1: PME: Signaling with IRQ 27
May 17 17:32:59 BootyWarrior kernel: pcieport 0000:00:01.2: PME: Signaling with IRQ 28
May 17 17:32:59 BootyWarrior kernel: pcieport 0000:00:02.1: PME: Signaling with IRQ 29
May 17 17:32:59 BootyWarrior kernel: pcieport 0000:00:03.1: PME: Signaling with IRQ 30
May 17 17:32:59 BootyWarrior kernel: pcieport 0000:00:08.1: PME: Signaling with IRQ 31
May 17 17:32:59 BootyWarrior kernel: pcieport 0000:00:08.3: PME: Signaling with IRQ 32
May 17 17:32:59 BootyWarrior kernel: input: Power Button as /devices/platform/PNP0C0C:00/input/input0
May 17 17:32:59 BootyWarrior kernel: ACPI: button: Power Button [PWRB]
May 17 17:32:59 BootyWarrior kernel: input: Power Button as /devices/platform/LNXPWRBN:00/input/input1
May 17 17:32:59 BootyWarrior kernel: ACPI: button: Power Button [PWRF]
May 17 17:32:59 BootyWarrior kernel: Monitor-Mwait will be used to enter C-1 state
May 17 17:32:59 BootyWarrior kernel: Estimated ratio of average max frequency by base frequency (times 1024): 1238
May 17 17:32:59 BootyWarrior kernel: Serial: 8250/16550 driver, 32 ports, IRQ sharing enabled
May 17 17:32:59 BootyWarrior kernel: 00:01: ttyS0 at I/O 0x3f8 (irq = 4, base_baud = 115200) is a 16550A
May 17 17:32:59 BootyWarrior kernel: Non-volatile memory driver v1.3
May 17 17:32:59 BootyWarrior kernel: Linux agpgart interface v0.103
May 17 17:32:59 BootyWarrior kernel: tpm_crb MSFT0101:00: Disabling hwrng
May 17 17:32:59 BootyWarrior kernel: ACPI: bus type drm_connector registered
May 17 17:32:59 BootyWarrior kernel: ahci 0000:0c:00.0: enabling device (0000 -> 0002)
May 17 17:32:59 BootyWarrior kernel: ahci 0000:0c:00.0: SSS flag set, parallel bus scan disabled
May 17 17:32:59 BootyWarrior kernel: ahci 0000:0c:00.0: AHCI vers 0001.0301, 32 command slots, 6 Gbps, SATA mode
May 17 17:32:59 BootyWarrior kernel: ahci 0000:0c:00.0: 4/6 ports implemented (port mask 0xf)
May 17 17:32:59 BootyWarrior kernel: ahci 0000:0c:00.0: flags: 64bit ncq sntf stag pm led clo only pmp pio slum part sxs deso sadm sds apst 
May 17 17:32:59 BootyWarrior kernel: scsi host0: ahci
May 17 17:32:59 BootyWarrior kernel: scsi host1: ahci
May 17 17:32:59 BootyWarrior kernel: scsi host2: ahci
May 17 17:32:59 BootyWarrior kernel: scsi host3: ahci
May 17 17:32:59 BootyWarrior kernel: scsi host4: ahci
May 17 17:32:59 BootyWarrior kernel: scsi host5: ahci
May 17 17:32:59 BootyWarrior kernel: ata1: SATA max UDMA/133 abar m1024@0xdf280000 port 0xdf280100 irq 42 lpm-pol 3
May 17 17:32:59 BootyWarrior kernel: ata2: SATA max UDMA/133 abar m1024@0xdf280000 port 0xdf280180 irq 42 lpm-pol 3
May 17 17:32:59 BootyWarrior kernel: ata3: SATA max UDMA/133 abar m1024@0xdf280000 port 0xdf280200 irq 42 lpm-pol 3
May 17 17:32:59 BootyWarrior kernel: ata4: SATA max UDMA/133 abar m1024@0xdf280000 port 0xdf280280 irq 42 lpm-pol 3
May 17 17:32:59 BootyWarrior kernel: ata5: DUMMY
May 17 17:32:59 BootyWarrior kernel: ata6: DUMMY
May 17 17:32:59 BootyWarrior kernel: xhci_hcd 0000:07:00.0: xHCI Host Controller
May 17 17:32:59 BootyWarrior kernel: xhci_hcd 0000:07:00.0: new USB bus registered, assigned bus number 1
May 17 17:32:59 BootyWarrior kernel: xhci_hcd 0000:07:00.0: hcc params 0x002841eb hci version 0x100 quirks 0x0000200000000890
May 17 17:32:59 BootyWarrior kernel: xhci_hcd 0000:07:00.0: xHCI Host Controller
May 17 17:32:59 BootyWarrior kernel: xhci_hcd 0000:07:00.0: new USB bus registered, assigned bus number 2
May 17 17:32:59 BootyWarrior kernel: xhci_hcd 0000:07:00.0: Host supports USB 3.0 SuperSpeed
May 17 17:32:59 BootyWarrior kernel: usb usb1: New USB device found, idVendor=1d6b, idProduct=0002, bcdDevice= 7.00
May 17 17:32:59 BootyWarrior kernel: usb usb1: New USB device strings: Mfr=3, Product=2, SerialNumber=1
May 17 17:32:59 BootyWarrior kernel: usb usb1: Product: xHCI Host Controller
May 17 17:32:59 BootyWarrior kernel: usb usb1: Manufacturer: Linux 7.0.7-arch1-1 xhci-hcd
May 17 17:32:59 BootyWarrior kernel: usb usb1: SerialNumber: 0000:07:00.0
May 17 17:32:59 BootyWarrior kernel: hub 1-0:1.0: USB hub found
May 17 17:32:59 BootyWarrior kernel: hub 1-0:1.0: 1 port detected
May 17 17:32:59 BootyWarrior kernel: usb usb2: New USB device found, idVendor=1d6b, idProduct=0003, bcdDevice= 7.00
May 17 17:32:59 BootyWarrior kernel: usb usb2: New USB device strings: Mfr=3, Product=2, SerialNumber=1
May 17 17:32:59 BootyWarrior kernel: usb usb2: Product: xHCI Host Controller
May 17 17:32:59 BootyWarrior kernel: usb usb2: Manufacturer: Linux 7.0.7-arch1-1 xhci-hcd
May 17 17:32:59 BootyWarrior kernel: usb usb2: SerialNumber: 0000:07:00.0
May 17 17:32:59 BootyWarrior kernel: hub 2-0:1.0: USB hub found
May 17 17:32:59 BootyWarrior kernel: hub 2-0:1.0: 4 ports detected
May 17 17:32:59 BootyWarrior kernel: xhci_hcd 0000:0b:00.0: xHCI Host Controller
May 17 17:32:59 BootyWarrior kernel: xhci_hcd 0000:0b:00.0: new USB bus registered, assigned bus number 3
May 17 17:32:59 BootyWarrior kernel: xhci_hcd 0000:0b:00.0: hcc params 0x0200ef81 hci version 0x110 quirks 0x0000000000000010
May 17 17:32:59 BootyWarrior kernel: xhci_hcd 0000:0b:00.0: xHCI Host Controller
May 17 17:32:59 BootyWarrior kernel: xhci_hcd 0000:0b:00.0: new USB bus registered, assigned bus number 4
May 17 17:32:59 BootyWarrior kernel: xhci_hcd 0000:0b:00.0: Host supports USB 3.1 Enhanced SuperSpeed
May 17 17:32:59 BootyWarrior kernel: usb usb3: New USB device found, idVendor=1d6b, idProduct=0002, bcdDevice= 7.00
May 17 17:32:59 BootyWarrior kernel: usb usb3: New USB device strings: Mfr=3, Product=2, SerialNumber=1
May 17 17:32:59 BootyWarrior kernel: usb usb3: Product: xHCI Host Controller
May 17 17:32:59 BootyWarrior kernel: usb usb3: Manufacturer: Linux 7.0.7-arch1-1 xhci-hcd
May 17 17:32:59 BootyWarrior kernel: usb usb3: SerialNumber: 0000:0b:00.0
May 17 17:32:59 BootyWarrior kernel: hub 3-0:1.0: USB hub found
May 17 17:32:59 BootyWarrior kernel: hub 3-0:1.0: 10 ports detected
May 17 17:32:59 BootyWarrior kernel: usb usb4: We don't know the algorithms for LPM for this host, disabling LPM.
May 17 17:32:59 BootyWarrior kernel: usb usb4: New USB device found, idVendor=1d6b, idProduct=0003, bcdDevice= 7.00
May 17 17:32:59 BootyWarrior kernel: usb usb4: New USB device strings: Mfr=3, Product=2, SerialNumber=1
May 17 17:32:59 BootyWarrior kernel: usb usb4: Product: xHCI Host Controller
May 17 17:32:59 BootyWarrior kernel: usb usb4: Manufacturer: Linux 7.0.7-arch1-1 xhci-hcd
May 17 17:32:59 BootyWarrior kernel: usb usb4: SerialNumber: 0000:0b:00.0
May 17 17:32:59 BootyWarrior kernel: hub 4-0:1.0: USB hub found
May 17 17:32:59 BootyWarrior kernel: hub 4-0:1.0: 4 ports detected
May 17 17:32:59 BootyWarrior kernel: usb: port power management may be unreliable
May 17 17:32:59 BootyWarrior kernel: xhci_hcd 0000:0e:00.3: xHCI Host Controller
May 17 17:32:59 BootyWarrior kernel: xhci_hcd 0000:0e:00.3: new USB bus registered, assigned bus number 5
May 17 17:32:59 BootyWarrior kernel: xhci_hcd 0000:0e:00.3: hcc params 0x0120ffc5 hci version 0x120 quirks 0x0000000200000010
May 17 17:32:59 BootyWarrior kernel: xhci_hcd 0000:0e:00.3: xHCI Host Controller
May 17 17:32:59 BootyWarrior kernel: xhci_hcd 0000:0e:00.3: new USB bus registered, assigned bus number 6
May 17 17:32:59 BootyWarrior kernel: xhci_hcd 0000:0e:00.3: Host supports USB 3.1 Enhanced SuperSpeed
May 17 17:32:59 BootyWarrior kernel: usb usb5: New USB device found, idVendor=1d6b, idProduct=0002, bcdDevice= 7.00
May 17 17:32:59 BootyWarrior kernel: usb usb5: New USB device strings: Mfr=3, Product=2, SerialNumber=1
May 17 17:32:59 BootyWarrior kernel: usb usb5: Product: xHCI Host Controller
May 17 17:32:59 BootyWarrior kernel: usb usb5: Manufacturer: Linux 7.0.7-arch1-1 xhci-hcd
May 17 17:32:59 BootyWarrior kernel: usb usb5: SerialNumber: 0000:0e:00.3
May 17 17:32:59 BootyWarrior kernel: hub 5-0:1.0: USB hub found
May 17 17:32:59 BootyWarrior kernel: hub 5-0:1.0: 2 ports detected
May 17 17:32:59 BootyWarrior kernel: usb usb6: We don't know the algorithms for LPM for this host, disabling LPM.
May 17 17:32:59 BootyWarrior kernel: usb usb6: New USB device found, idVendor=1d6b, idProduct=0003, bcdDevice= 7.00
May 17 17:32:59 BootyWarrior kernel: usb usb6: New USB device strings: Mfr=3, Product=2, SerialNumber=1
May 17 17:32:59 BootyWarrior kernel: usb usb6: Product: xHCI Host Controller
May 17 17:32:59 BootyWarrior kernel: usb usb6: Manufacturer: Linux 7.0.7-arch1-1 xhci-hcd
May 17 17:32:59 BootyWarrior kernel: usb usb6: SerialNumber: 0000:0e:00.3
May 17 17:32:59 BootyWarrior kernel: hub 6-0:1.0: USB hub found
May 17 17:32:59 BootyWarrior kernel: hub 6-0:1.0: 2 ports detected
May 17 17:32:59 BootyWarrior kernel: xhci_hcd 0000:0e:00.4: xHCI Host Controller
May 17 17:32:59 BootyWarrior kernel: xhci_hcd 0000:0e:00.4: new USB bus registered, assigned bus number 7
May 17 17:32:59 BootyWarrior kernel: xhci_hcd 0000:0e:00.4: hcc params 0x0120ffc5 hci version 0x120 quirks 0x0000000200000010
May 17 17:32:59 BootyWarrior kernel: xhci_hcd 0000:0e:00.4: xHCI Host Controller
May 17 17:32:59 BootyWarrior kernel: xhci_hcd 0000:0e:00.4: new USB bus registered, assigned bus number 8
May 17 17:32:59 BootyWarrior kernel: xhci_hcd 0000:0e:00.4: Host supports USB 3.1 Enhanced SuperSpeed
May 17 17:32:59 BootyWarrior kernel: usb usb7: New USB device found, idVendor=1d6b, idProduct=0002, bcdDevice= 7.00
May 17 17:32:59 BootyWarrior kernel: usb usb7: New USB device strings: Mfr=3, Product=2, SerialNumber=1
May 17 17:32:59 BootyWarrior kernel: usb usb7: Product: xHCI Host Controller
May 17 17:32:59 BootyWarrior kernel: usb usb7: Manufacturer: Linux 7.0.7-arch1-1 xhci-hcd
May 17 17:32:59 BootyWarrior kernel: usb usb7: SerialNumber: 0000:0e:00.4
May 17 17:32:59 BootyWarrior kernel: hub 7-0:1.0: USB hub found
May 17 17:32:59 BootyWarrior kernel: hub 7-0:1.0: 2 ports detected
May 17 17:32:59 BootyWarrior kernel: usb usb8: We don't know the algorithms for LPM for this host, disabling LPM.
May 17 17:32:59 BootyWarrior kernel: usb usb8: New USB device found, idVendor=1d6b, idProduct=0003, bcdDevice= 7.00
May 17 17:32:59 BootyWarrior kernel: usb usb8: New USB device strings: Mfr=3, Product=2, SerialNumber=1
May 17 17:32:59 BootyWarrior kernel: usb usb8: Product: xHCI Host Controller
May 17 17:32:59 BootyWarrior kernel: usb usb8: Manufacturer: Linux 7.0.7-arch1-1 xhci-hcd
May 17 17:32:59 BootyWarrior kernel: usb usb8: SerialNumber: 0000:0e:00.4
May 17 17:32:59 BootyWarrior kernel: hub 8-0:1.0: USB hub found
May 17 17:32:59 BootyWarrior kernel: hub 8-0:1.0: 2 ports detected
May 17 17:32:59 BootyWarrior kernel: xhci_hcd 0000:0f:00.0: xHCI Host Controller
May 17 17:32:59 BootyWarrior kernel: xhci_hcd 0000:0f:00.0: new USB bus registered, assigned bus number 9
May 17 17:32:59 BootyWarrior kernel: xhci_hcd 0000:0f:00.0: USB3 root hub has no ports
May 17 17:32:59 BootyWarrior kernel: xhci_hcd 0000:0f:00.0: hcc params 0x0110ffc5 hci version 0x120 quirks 0x0000000200000010
May 17 17:32:59 BootyWarrior kernel: usb usb9: New USB device found, idVendor=1d6b, idProduct=0002, bcdDevice= 7.00
May 17 17:32:59 BootyWarrior kernel: usb usb9: New USB device strings: Mfr=3, Product=2, SerialNumber=1
May 17 17:32:59 BootyWarrior kernel: usb usb9: Product: xHCI Host Controller
May 17 17:32:59 BootyWarrior kernel: usb usb9: Manufacturer: Linux 7.0.7-arch1-1 xhci-hcd
May 17 17:32:59 BootyWarrior kernel: usb usb9: SerialNumber: 0000:0f:00.0
May 17 17:32:59 BootyWarrior kernel: hub 9-0:1.0: USB hub found
May 17 17:32:59 BootyWarrior kernel: hub 9-0:1.0: 1 port detected
May 17 17:32:59 BootyWarrior kernel: usbcore: registered new interface driver usbserial_generic
May 17 17:32:59 BootyWarrior kernel: usbserial: USB Serial support registered for generic
May 17 17:32:59 BootyWarrior kernel: i8042: PNP: No PS/2 controller found.
May 17 17:32:59 BootyWarrior kernel: rtc_cmos 00:00: RTC can wake from S4
May 17 17:32:59 BootyWarrior kernel: rtc_cmos 00:00: registered as rtc0
May 17 17:32:59 BootyWarrior kernel: rtc_cmos 00:00: setting system clock to 2026-05-17T21:32:54 UTC (1779053574)
May 17 17:32:59 BootyWarrior kernel: rtc_cmos 00:00: alarms up to one month, y3k, 114 bytes nvram
May 17 17:32:59 BootyWarrior kernel: simple-framebuffer simple-framebuffer.0: [drm] Registered 1 planes with drm panic
May 17 17:32:59 BootyWarrior kernel: [drm] Initialized simpledrm 1.0.0 for simple-framebuffer.0 on minor 0
May 17 17:32:59 BootyWarrior kernel: fbcon: Deferring console take-over
May 17 17:32:59 BootyWarrior kernel: simple-framebuffer simple-framebuffer.0: [drm] fb0: simpledrmdrmfb frame buffer device
May 17 17:32:59 BootyWarrior kernel: hid: raw HID events driver (C) Jiri Kosina
May 17 17:32:59 BootyWarrior kernel: usbcore: registered new interface driver usbhid
May 17 17:32:59 BootyWarrior kernel: usbhid: USB HID core driver
May 17 17:32:59 BootyWarrior kernel: rust_binder: Loaded Rust Binder.
May 17 17:32:59 BootyWarrior kernel: drop_monitor: Initializing network drop monitor service
May 17 17:32:59 BootyWarrior kernel: NET: Registered PF_INET6 protocol family
May 17 17:32:59 BootyWarrior kernel: Segment Routing with IPv6
May 17 17:32:59 BootyWarrior kernel: RPL Segment Routing with IPv6
May 17 17:32:59 BootyWarrior kernel: In-situ OAM (IOAM) with IPv6
May 17 17:32:59 BootyWarrior kernel: NET: Registered PF_PACKET protocol family
May 17 17:32:59 BootyWarrior kernel: x86/amd: Previous system reset reason [0x00200800]: ACPI power state transition occurred
May 17 17:32:59 BootyWarrior kernel: microcode: Current revision: 0x0a60120c
May 17 17:32:59 BootyWarrior kernel: resctrl: L3 allocation detected
May 17 17:32:59 BootyWarrior kernel: resctrl: MB allocation detected
May 17 17:32:59 BootyWarrior kernel: resctrl: SMBA allocation detected
May 17 17:32:59 BootyWarrior kernel: resctrl: L3 monitoring detected
May 17 17:32:59 BootyWarrior kernel: IPI shorthand broadcast: enabled
May 17 17:32:59 BootyWarrior kernel: sched_clock: Marking stable (529632395, 317523)->(547470235, -17520317)
May 17 17:32:59 BootyWarrior kernel: registered taskstats version 1
May 17 17:32:59 BootyWarrior kernel: Loading compiled-in X.509 certificates
May 17 17:32:59 BootyWarrior kernel: Loaded X.509 cert 'Build time autogenerated kernel key: ac1f52eb305ff89015d0c1604fb7f9e7ccaba8cf'
May 17 17:32:59 BootyWarrior kernel: Demotion targets for Node 0: null
May 17 17:32:59 BootyWarrior kernel: Key type .fscrypt registered
May 17 17:32:59 BootyWarrior kernel: Key type fscrypt-provisioning registered
May 17 17:32:59 BootyWarrior kernel: Btrfs loaded, zoned=yes, fsverity=yes
May 17 17:32:59 BootyWarrior kernel: Key type big_key registered
May 17 17:32:59 BootyWarrior kernel: integrity: Loading X.509 certificate: UEFI:db
May 17 17:32:59 BootyWarrior kernel: integrity: Loaded X.509 cert 'Database Key: 009a8f0c34e9fc4dbb79610446cd49bcaf'
May 17 17:32:59 BootyWarrior kernel: integrity: Loading X.509 certificate: UEFI:db
May 17 17:32:59 BootyWarrior kernel: integrity: Loaded X.509 cert 'Microsoft Corporation UEFI CA 2011: 13adbf4309bd82709c8cd54f316ed522988a1bd4'
May 17 17:32:59 BootyWarrior kernel: integrity: Loading X.509 certificate: UEFI:db
May 17 17:32:59 BootyWarrior kernel: integrity: Loaded X.509 cert 'Microsoft Windows Production PCA 2011: a92902398e16c49778cd90f99e4f9ae17c55af53'
May 17 17:32:59 BootyWarrior kernel: integrity: Loading X.509 certificate: UEFI:db
May 17 17:32:59 BootyWarrior kernel: integrity: Loaded X.509 cert 'Microsoft Option ROM UEFI CA 2023: 514fbf937fa46fb57bf07af8bed84b3b864b1711'
May 17 17:32:59 BootyWarrior kernel: integrity: Loading X.509 certificate: UEFI:db
May 17 17:32:59 BootyWarrior kernel: integrity: Loaded X.509 cert 'Microsoft UEFI CA 2023: 81aa6b3244c935bce0d6628af39827421e32497d'
May 17 17:32:59 BootyWarrior kernel: integrity: Loading X.509 certificate: UEFI:db
May 17 17:32:59 BootyWarrior kernel: integrity: Loaded X.509 cert 'Microsoft Corporation: Windows UEFI CA 2023: aefc5fbbbe055d8f8daa585473499417ab5a5272'
May 17 17:32:59 BootyWarrior kernel: PM:   Magic number: 10:976:550
May 17 17:32:59 BootyWarrior kernel: tty ttyS26: hash matches
May 17 17:32:59 BootyWarrior kernel: port serial8250:0.25: hash matches
May 17 17:32:59 BootyWarrior kernel: clockevents clockevent1: hash matches
May 17 17:32:59 BootyWarrior kernel: acpi PNP0C0F:01: hash matches
May 17 17:32:59 BootyWarrior kernel: RAS: Correctable Errors collector initialized.
May 17 17:32:59 BootyWarrior kernel: clk: Disabling unused clocks
May 17 17:32:59 BootyWarrior kernel: PM: genpd: Disabling unused power domains
May 17 17:32:59 BootyWarrior kernel: usb 1-1: new high-speed USB device number 2 using xhci_hcd
May 17 17:32:59 BootyWarrior kernel: usb 7-1: new high-speed USB device number 2 using xhci_hcd
May 17 17:32:59 BootyWarrior kernel: ata1: SATA link down (SStatus 0 SControl 300)
May 17 17:32:59 BootyWarrior kernel: usb 3-2: new full-speed USB device number 2 using xhci_hcd
May 17 17:32:59 BootyWarrior kernel: usb 1-1: New USB device found, idVendor=2109, idProduct=3431, bcdDevice= 4.20
May 17 17:32:59 BootyWarrior kernel: usb 1-1: New USB device strings: Mfr=0, Product=1, SerialNumber=0
May 17 17:32:59 BootyWarrior kernel: usb 1-1: Product: USB2.0 Hub
May 17 17:32:59 BootyWarrior kernel: hub 1-1:1.0: USB hub found
May 17 17:32:59 BootyWarrior kernel: hub 1-1:1.0: 4 ports detected
May 17 17:32:59 BootyWarrior kernel: usb 7-1: New USB device found, idVendor=2e3c, idProduct=c365, bcdDevice= 2.00
May 17 17:32:59 BootyWarrior kernel: usb 7-1: New USB device strings: Mfr=0, Product=2, SerialNumber=0
May 17 17:32:59 BootyWarrior kernel: usb 7-1: Product: WIN 68 HE
May 17 17:32:59 BootyWarrior kernel: input: WIN 68 HE as /devices/pci0000:00/0000:00:08.1/0000:0e:00.4/usb7/7-1/7-1:1.0/0003:2E3C:C365.0001/input/input2
May 17 17:32:59 BootyWarrior kernel: hid-generic 0003:2E3C:C365.0001: input,hidraw0: USB HID v1.10 Keyboard [WIN 68 HE] on usb-0000:0e:00.4-1/input0
May 17 17:32:59 BootyWarrior kernel: input: WIN 68 HE Mouse as /devices/pci0000:00/0000:00:08.1/0000:0e:00.4/usb7/7-1/7-1:1.1/0003:2E3C:C365.0002/input/input3
May 17 17:32:59 BootyWarrior kernel: input: WIN 68 HE Consumer Control as /devices/pci0000:00/0000:00:08.1/0000:0e:00.4/usb7/7-1/7-1:1.1/0003:2E3C:C365.0002/input/input4
May 17 17:32:59 BootyWarrior kernel: input: WIN 68 HE System Control as /devices/pci0000:00/0000:00:08.1/0000:0e:00.4/usb7/7-1/7-1:1.1/0003:2E3C:C365.0002/input/input5
May 17 17:32:59 BootyWarrior kernel: input: WIN 68 HE Keyboard as /devices/pci0000:00/0000:00:08.1/0000:0e:00.4/usb7/7-1/7-1:1.1/0003:2E3C:C365.0002/input/input6
May 17 17:32:59 BootyWarrior kernel: hid-generic 0003:2E3C:C365.0002: input,hidraw1: USB HID v1.10 Mouse [WIN 68 HE] on usb-0000:0e:00.4-1/input1
May 17 17:32:59 BootyWarrior kernel: hid-generic 0003:2E3C:C365.0003: hiddev96,hidraw2: USB HID v1.10 Device [WIN 68 HE] on usb-0000:0e:00.4-1/input2
May 17 17:32:59 BootyWarrior kernel: ata2: SATA link down (SStatus 0 SControl 300)
May 17 17:32:59 BootyWarrior kernel: usb 3-2: New USB device found, idVendor=13d3, idProduct=3548, bcdDevice= 0.00
May 17 17:32:59 BootyWarrior kernel: usb 3-2: New USB device strings: Mfr=1, Product=2, SerialNumber=3
May 17 17:32:59 BootyWarrior kernel: usb 3-2: Product: Bluetooth Radio
May 17 17:32:59 BootyWarrior kernel: usb 3-2: Manufacturer: Realtek
May 17 17:32:59 BootyWarrior kernel: usb 3-2: SerialNumber: 00e04c000001
May 17 17:32:59 BootyWarrior kernel: usb 7-2: new low-speed USB device number 3 using xhci_hcd
May 17 17:32:59 BootyWarrior kernel: usb 7-2: New USB device found, idVendor=1bcf, idProduct=08a0, bcdDevice= 1.04
May 17 17:32:59 BootyWarrior kernel: usb 7-2: New USB device strings: Mfr=0, Product=0, SerialNumber=0
May 17 17:32:59 BootyWarrior kernel: input: HID 1bcf:08a0 Mouse as /devices/pci0000:00/0000:00:08.1/0000:0e:00.4/usb7/7-2/7-2:1.0/0003:1BCF:08A0.0004/input/input7
May 17 17:32:59 BootyWarrior kernel: input: HID 1bcf:08a0 Keyboard as /devices/pci0000:00/0000:00:08.1/0000:0e:00.4/usb7/7-2/7-2:1.0/0003:1BCF:08A0.0004/input/input8
May 17 17:32:59 BootyWarrior kernel: usb 3-5: new full-speed USB device number 3 using xhci_hcd
May 17 17:32:59 BootyWarrior kernel: input: HID 1bcf:08a0 as /devices/pci0000:00/0000:00:08.1/0000:0e:00.4/usb7/7-2/7-2:1.0/0003:1BCF:08A0.0004/input/input9
May 17 17:32:59 BootyWarrior kernel: hid-generic 0003:1BCF:08A0.0004: input,hiddev97,hidraw3: USB HID v1.10 Mouse [HID 1bcf:08a0] on usb-0000:0e:00.4-2/input0
May 17 17:32:59 BootyWarrior kernel: tsc: Refined TSC clocksource calibration: 3799.999 MHz
May 17 17:32:59 BootyWarrior kernel: clocksource: tsc: mask: 0xffffffffffffffff max_cycles: 0x6d8cadf3fd9, max_idle_ns: 881590557866 ns
May 17 17:32:59 BootyWarrior kernel: clocksource: Switched to clocksource tsc
May 17 17:32:59 BootyWarrior kernel: ata3: SATA link down (SStatus 0 SControl 300)
May 17 17:32:59 BootyWarrior kernel: usb 3-5: config 1 has an invalid interface number: 2 but max is 1
May 17 17:32:59 BootyWarrior kernel: usb 3-5: config 1 has no interface number 1
May 17 17:32:59 BootyWarrior kernel: usb 3-5: New USB device found, idVendor=0b05, idProduct=19af, bcdDevice= 1.00
May 17 17:32:59 BootyWarrior kernel: usb 3-5: New USB device strings: Mfr=1, Product=2, SerialNumber=3
May 17 17:32:59 BootyWarrior kernel: usb 3-5: Product: AURA LED Controller
May 17 17:32:59 BootyWarrior kernel: usb 3-5: Manufacturer: AsusTek Computer Inc.
May 17 17:32:59 BootyWarrior kernel: usb 3-5: SerialNumber: 9876543210
May 17 17:32:59 BootyWarrior kernel: hid-generic 0003:0B05:19AF.0005: hiddev98,hidraw4: USB HID v1.11 Device [AsusTek Computer Inc. AURA LED Controller] on usb-0000:0b:00.0-5/input2
May 17 17:32:59 BootyWarrior kernel: ata4: SATA link down (SStatus 0 SControl 300)
May 17 17:32:59 BootyWarrior kernel: Freeing unused decrypted memory: 2028K
May 17 17:32:59 BootyWarrior kernel: Freeing unused kernel image (initmem) memory: 4812K
May 17 17:32:59 BootyWarrior kernel: Write protecting the kernel read-only data: 40960k
May 17 17:32:59 BootyWarrior kernel: Freeing unused kernel image (text/rodata gap) memory: 672K
May 17 17:32:59 BootyWarrior kernel: Freeing unused kernel image (rodata/data gap) memory: 1596K
May 17 17:32:59 BootyWarrior kernel: x86/mm: Checked W+X mappings: passed, no W+X pages found.
May 17 17:32:59 BootyWarrior kernel: rodata_test: all tests were successful
May 17 17:32:59 BootyWarrior kernel: Run /init as init process
May 17 17:32:59 BootyWarrior kernel:   with arguments:
May 17 17:32:59 BootyWarrior kernel:     /init
May 17 17:32:59 BootyWarrior kernel:   with environment:
May 17 17:32:59 BootyWarrior kernel:     HOME=/
May 17 17:32:59 BootyWarrior kernel:     TERM=linux
May 17 17:32:59 BootyWarrior kernel: fbcon: Taking over console
May 17 17:32:59 BootyWarrior kernel: Console: switching to colour frame buffer device 128x48
May 17 17:32:59 BootyWarrior kernel: usb 3-6: new full-speed USB device number 4 using xhci_hcd
May 17 17:32:59 BootyWarrior kernel: Key type psk registered
May 17 17:32:59 BootyWarrior kernel: ACPI: video: Video Device [VGA] (multi-head: yes  rom: no  post: no)
May 17 17:32:59 BootyWarrior kernel: input: Video Bus as /devices/pci0000:00/0000:00:08.1/acpi.video_bus.0/input/input10
May 17 17:32:59 BootyWarrior kernel: nvme nvme0: pci function 0000:04:00.0
May 17 17:32:59 BootyWarrior kernel: nvme nvme1: pci function 0000:0d:00.0
May 17 17:32:59 BootyWarrior kernel: nvme nvme0: allocated 64 MiB host memory buffer (1 segment).
May 17 17:32:59 BootyWarrior kernel: nvme nvme0: 16/0/0 default/read/poll queues
May 17 17:32:59 BootyWarrior kernel:  nvme0n1: p1 p2 p3
May 17 17:32:59 BootyWarrior kernel: nvme nvme1: missing or invalid SUBNQN field.
May 17 17:32:59 BootyWarrior kernel: usb 3-6: New USB device found, idVendor=3537, idProduct=1075, bcdDevice= 6.33
May 17 17:32:59 BootyWarrior kernel: usb 3-6: New USB device strings: Mfr=1, Product=2, SerialNumber=3
May 17 17:32:59 BootyWarrior kernel: usb 3-6: Product: GameSir-G7 SE Controller for Xbox
May 17 17:32:59 BootyWarrior kernel: usb 3-6: Manufacturer: Guangzhou Chicken Run Network Technology Co., Ltd.
May 17 17:32:59 BootyWarrior kernel: usb 3-6: SerialNumber: 0000E3325D70448C
May 17 17:32:59 BootyWarrior kernel: nvme nvme1: 16/0/0 default/read/poll queues
May 17 17:32:59 BootyWarrior kernel:  nvme1n1: p1
May 17 17:32:59 BootyWarrior kernel: amdgpu: vga_switcheroo: detected switching method \_SB_.PCI0.GP17.VGA_.ATPX handle
May 17 17:32:59 BootyWarrior kernel: amdgpu: ATPX version 1, functions 0x00000000
May 17 17:32:59 BootyWarrior kernel: amdgpu: Virtual CRAT table created for CPU
May 17 17:32:59 BootyWarrior kernel: amdgpu: Topology: Add CPU node
May 17 17:32:59 BootyWarrior kernel: amdgpu 0000:03:00.0: enabling device (0006 -> 0007)
May 17 17:32:59 BootyWarrior kernel: amdgpu 0000:03:00.0: initializing kernel modesetting (IP DISCOVERY 0x1002:0x7590 0x1458:0x2429 0xC0).
May 17 17:32:59 BootyWarrior kernel: amdgpu 0000:03:00.0: register mmio base: 0xDFB00000
May 17 17:32:59 BootyWarrior kernel: amdgpu 0000:03:00.0: register mmio size: 524288
May 17 17:32:59 BootyWarrior kernel: amdgpu 0000:03:00.0: detected ip block number 0 <common_v1_0_0> (soc24_common)
May 17 17:32:59 BootyWarrior kernel: amdgpu 0000:03:00.0: detected ip block number 1 <gmc_v12_0_0> (gmc_v12_0)
May 17 17:32:59 BootyWarrior kernel: amdgpu 0000:03:00.0: detected ip block number 2 <ih_v7_0_0> (ih_v7_0)
May 17 17:32:59 BootyWarrior kernel: amdgpu 0000:03:00.0: detected ip block number 3 <psp_v14_0_0> (psp)
May 17 17:32:59 BootyWarrior kernel: amdgpu 0000:03:00.0: detected ip block number 4 <smu_v14_0_0> (smu)
May 17 17:32:59 BootyWarrior kernel: amdgpu 0000:03:00.0: detected ip block number 5 <dce_v1_0_0> (dm)
May 17 17:32:59 BootyWarrior kernel: amdgpu 0000:03:00.0: detected ip block number 6 <gfx_v12_0_0> (gfx_v12_0)
May 17 17:32:59 BootyWarrior kernel: amdgpu 0000:03:00.0: detected ip block number 7 <sdma_v7_0_0> (sdma_v7_0)
May 17 17:32:59 BootyWarrior kernel: amdgpu 0000:03:00.0: detected ip block number 8 <vcn_v5_0_0> (vcn_v5_0_0)
May 17 17:32:59 BootyWarrior kernel: amdgpu 0000:03:00.0: detected ip block number 9 <jpeg_v5_0_0> (jpeg_v5_0_0)
May 17 17:32:59 BootyWarrior kernel: amdgpu 0000:03:00.0: detected ip block number 10 <mes_v12_0_0> (mes_v12_0)
